<html>
<body>
<pre>
<h1>礦ision Build Log</h1>
<h2>Tool Versions:</h2>
IDE-Version: μVision V5.14.0.0
Copyright (C) 2015 ARM Ltd and ARM Germany GmbH. All rights reserved.
License Information: 何乜川 heniec, 巨人, LIC=9WSLQ-NA81M-LQ20Q-NAD3V-B2KWX-K6LUR
 
Tool Versions:
Toolchain:       MDK-ARM Standard  Version: 5.14.0.0
Toolchain Path:  D:\STM.32\ARM\ARMCC\Bin
C Compiler:      Armcc.exe V5.05 update 1 (build 106)
Assembler:       Armasm.exe V5.05 update 1 (build 106)
Linker/Locator:  ArmLink.exe V5.05 update 1 (build 106)
Library Manager: ArmAr.exe V5.05 update 1 (build 106)
Hex Converter:   FromElf.exe V5.05 update 1 (build 106)
CPU DLL:         SARMCM3.DLL V5.14.0.0
Dialog DLL:      DCM.DLL V1.13.1.0
Target DLL:      UL2CM3.DLL V1.155.0.0
Dialog DLL:      TCM.DLL V1.14.4.0
 
<h2>Project:</h2>
D:\STM32_嵌入式长征\项目\stm32 mini\STM32mini_温湿度_光照_带FREERTOS_无app版\MQTT_ONENET_ESP8266_STM32_FREERTOS-main\MQTT_ONENET_ESP8266_STM32_FREERTOS-main\USER\MQTT_ONENET_ESP8266_STM32_FREERTOS.uvprojx
Project File Date:  05/31/2023

<h2>Output:</h2>
Rebuild target '工程'
compiling stm32f10x_it.c...
compiling main.c...
compiling delay.c...
compiling usart1.c...
compiling usart2.c...
compiling timer3.c...
compiling timer4.c...
compiling wifi.c...
compiling mqtt.c...
compiling dht11.c...
compiling control.c...
compiling led.c...
compiling bh1750.c...
compiling adc.c...
compiling lcd.c...
compiling stm32f10x_adc.c...
compiling BEEP.c...
compiling core_cm3.c...
compiling system_stm32f10x.c...
assembling startup_stm32f10x_hd.s...
compiling misc.c...
compiling stm32f10x_rcc.c...
compiling stm32f10x_tim.c...
compiling stm32f10x_usart.c...
compiling stm32f10x_gpio.c...
compiling sys.c...
compiling croutine.c...
compiling event_groups.c...
compiling list.c...
compiling queue.c...
compiling tasks.c...
compiling timers.c...
compiling heap_4.c...
compiling port.c...
compiling utils_hmac.c...
compiling utils_md5.c...
compiling utils_sha1.c...
linking...
Program Size: Code=60412 RO-data=7444 RW-data=328 ZI-data=30336  
FromELF: creating hex file...
"..\OBJ\工程文件.axf" - 0 Error(s), 0 Warning(s).

<h2>Collection of Component include folders:</h2>
  D:\STM32_嵌入式长征\项目\stm32 mini\STM32mini_温湿度_光照_带FREERTOS_无app版\MQTT_ONENET_ESP8266_STM32_FREERTOS-main\MQTT_ONENET_ESP8266_STM32_FREERTOS-main\USER\RTE
  D:\STM.32\ARM\PACK\Keil\STM32F1xx_DFP\1.0.5\Device\Include

<h2>Collection of Component Files used:</h2>
</pre>
</body>
</html>
