Component: ARM Compiler 5.05 update 1 (build 106) Tool: armlink [4d0efa]

==============================================================================

Section Cross References

    stm32f10x_it.o(i.SysTick_Handler) refers to tasks.o(i.xTaskGetSchedulerState) for xTaskGetSchedulerState
    stm32f10x_it.o(i.SysTick_Handler) refers to port.o(i.xPortSysTickHandler) for xPortSysTickHandler
    stm32f10x_it.o(i.TIM3_IRQHandler) refers to stm32f10x_tim.o(i.TIM_GetITStatus) for TIM_GetITStatus
    stm32f10x_it.o(i.TIM3_IRQHandler) refers to mqtt.o(i.MQTT_PingREQ) for MQTT_PingREQ
    stm32f10x_it.o(i.TIM3_IRQHandler) refers to timer3.o(i.TIM3_ENABLE_2S) for TIM3_ENABLE_2S
    stm32f10x_it.o(i.TIM3_IRQHandler) refers to event_groups.o(i.xEventGroupClearBitsFromISR) for xEventGroupClearBitsFromISR
    stm32f10x_it.o(i.TIM3_IRQHandler) refers to tasks.o(i.xTaskResumeFromISR) for xTaskResumeFromISR
    stm32f10x_it.o(i.TIM3_IRQHandler) refers to stm32f10x_tim.o(i.TIM_Cmd) for TIM_Cmd
    stm32f10x_it.o(i.TIM3_IRQHandler) refers to stm32f10x_tim.o(i.TIM_ClearITPendingBit) for TIM_ClearITPendingBit
    stm32f10x_it.o(i.TIM3_IRQHandler) refers to mqtt.o(.data) for pingFlag
    stm32f10x_it.o(i.TIM3_IRQHandler) refers to main.o(.constdata) for PING_MODE
    stm32f10x_it.o(i.TIM3_IRQHandler) refers to main.o(.data) for Event_Handle
    stm32f10x_it.o(i.TIM4_IRQHandler) refers to stm32f10x_tim.o(i.TIM_GetITStatus) for TIM_GetITStatus
    stm32f10x_it.o(i.TIM4_IRQHandler) refers to rt_memcpy_v6.o(.text) for __aeabi_memcpy
    stm32f10x_it.o(i.TIM4_IRQHandler) refers to stm32f10x_tim.o(i.TIM_SetCounter) for TIM_SetCounter
    stm32f10x_it.o(i.TIM4_IRQHandler) refers to stm32f10x_tim.o(i.TIM_Cmd) for TIM_Cmd
    stm32f10x_it.o(i.TIM4_IRQHandler) refers to stm32f10x_tim.o(i.TIM_ClearITPendingBit) for TIM_ClearITPendingBit
    stm32f10x_it.o(i.TIM4_IRQHandler) refers to usart2.o(.data) for Usart2_RxCounter
    stm32f10x_it.o(i.TIM4_IRQHandler) refers to usart2.o(.bss) for Usart2_RxBuff
    stm32f10x_it.o(i.TIM4_IRQHandler) refers to mqtt.o(.data) for MQTT_RxDataInPtr
    stm32f10x_it.o(i.TIM4_IRQHandler) refers to mqtt.o(.bss) for MQTT_RxDataBuf
    stm32f10x_it.o(i.USART2_IRQHandler) refers to stm32f10x_usart.o(i.USART_GetITStatus) for USART_GetITStatus
    stm32f10x_it.o(i.USART2_IRQHandler) refers to event_groups.o(i.xEventGroupGetBitsFromISR) for xEventGroupGetBitsFromISR
    stm32f10x_it.o(i.USART2_IRQHandler) refers to stm32f10x_tim.o(i.TIM_Cmd) for TIM_Cmd
    stm32f10x_it.o(i.USART2_IRQHandler) refers to stm32f10x_tim.o(i.TIM_SetCounter) for TIM_SetCounter
    stm32f10x_it.o(i.USART2_IRQHandler) refers to main.o(.data) for Event_Handle
    stm32f10x_it.o(i.USART2_IRQHandler) refers to usart2.o(.bss) for Usart2_RxBuff
    stm32f10x_it.o(i.USART2_IRQHandler) refers to usart2.o(.data) for Usart2_RxCounter
    main.o(i.INF_Init) refers to stm32f10x_rcc.o(i.RCC_APB2PeriphClockCmd) for RCC_APB2PeriphClockCmd
    main.o(i.INF_Init) refers to stm32f10x_gpio.o(i.GPIO_Init) for GPIO_Init
    main.o(i.INF_Init) refers to stm32f10x_gpio.o(i.GPIO_SetBits) for GPIO_SetBits
    main.o(i.data_tx_to_buffer_task) refers to _printf_percent.o(.ARM.Collect$$_printf_percent$$00000000) for _printf_percent
    main.o(i.data_tx_to_buffer_task) refers to _printf_s.o(.ARM.Collect$$_printf_percent$$00000014) for _printf_s
    main.o(i.data_tx_to_buffer_task) refers to _printf_str.o(.text) for _printf_str
    main.o(i.data_tx_to_buffer_task) refers to rt_memclr_w.o(.text) for __aeabi_memclr4
    main.o(i.data_tx_to_buffer_task) refers to event_groups.o(i.xEventGroupWaitBits) for xEventGroupWaitBits
    main.o(i.data_tx_to_buffer_task) refers to __2sprintf.o(.text) for __2sprintf
    main.o(i.data_tx_to_buffer_task) refers to strlen.o(.text) for strlen
    main.o(i.data_tx_to_buffer_task) refers to queue.o(i.xQueueGenericReceive) for xQueueGenericReceive
    main.o(i.data_tx_to_buffer_task) refers to __2printf.o(.text) for __2printf
    main.o(i.data_tx_to_buffer_task) refers to port.o(i.vPortEnterCritical) for vPortEnterCritical
    main.o(i.data_tx_to_buffer_task) refers to mqtt.o(i.MQTT_PublishQs0) for MQTT_PublishQs0
    main.o(i.data_tx_to_buffer_task) refers to port.o(i.vPortExitCritical) for vPortExitCritical
    main.o(i.data_tx_to_buffer_task) refers to delay.o(i.delay_ms) for delay_ms
    main.o(i.data_tx_to_buffer_task) refers to main.o(.data) for Event_Handle
    main.o(i.main) refers to misc.o(i.NVIC_PriorityGroupConfig) for NVIC_PriorityGroupConfig
    main.o(i.main) refers to delay.o(i.delay_init) for delay_init
    main.o(i.main) refers to usart1.o(i.usart1_init) for usart1_init
    main.o(i.main) refers to usart2.o(i.usart2_init) for usart2_init
    main.o(i.main) refers to timer4.o(i.tim4_init) for tim4_init
    main.o(i.main) refers to led.o(i.led_init) for led_init
    main.o(i.main) refers to dht11.o(i.dht11_init) for dht11_init
    main.o(i.main) refers to bh1750.o(i.iic_by30_init) for iic_by30_init
[...]
    I2C1_ER_IRQHandler                       0x0800036b   Thumb Code     0  startup_stm32f10x_hd.o(.text)
    I2C1_EV_IRQHandler                       0x0800036b   Thumb Code     0  startup_stm32f10x_hd.o(.text)
    I2C2_ER_IRQHandler                       0x0800036b   Thumb Code     0  startup_stm32f10x_hd.o(.text)
    I2C2_EV_IRQHandler                       0x0800036b   Thumb Code     0  startup_stm32f10x_hd.o(.text)
    PVD_IRQHandler                           0x0800036b   Thumb Code     0  startup_stm32f10x_hd.o(.text)
    RCC_IRQHandler                           0x0800036b   Thumb Code     0  startup_stm32f10x_hd.o(.text)
    RTCAlarm_IRQHandler                      0x0800036b   Thumb Code     0  startup_stm32f10x_hd.o(.text)
    RTC_IRQHandler                           0x0800036b   Thumb Code     0  startup_stm32f10x_hd.o(.text)
    SDIO_IRQHandler                          0x0800036b   Thumb Code     0  startup_stm32f10x_hd.o(.text)
    SPI1_IRQHandler                          0x0800036b   Thumb Code     0  startup_stm32f10x_hd.o(.text)
    SPI2_IRQHandler                          0x0800036b   Thumb Code     0  startup_stm32f10x_hd.o(.text)
    SPI3_IRQHandler                          0x0800036b   Thumb Code     0  startup_stm32f10x_hd.o(.text)
    TAMPER_IRQHandler                        0x0800036b   Thumb Code     0  startup_stm32f10x_hd.o(.text)
    TIM1_BRK_IRQHandler                      0x0800036b   Thumb Code     0  startup_stm32f10x_hd.o(.text)
    TIM1_CC_IRQHandler                       0x0800036b   Thumb Code     0  startup_stm32f10x_hd.o(.text)
    TIM1_TRG_COM_IRQHandler                  0x0800036b   Thumb Code     0  startup_stm32f10x_hd.o(.text)
    TIM1_UP_IRQHandler                       0x0800036b   Thumb Code     0  startup_stm32f10x_hd.o(.text)
    TIM2_IRQHandler                          0x0800036b   Thumb Code     0  startup_stm32f10x_hd.o(.text)
    TIM5_IRQHandler                          0x0800036b   Thumb Code     0  startup_stm32f10x_hd.o(.text)
    TIM6_IRQHandler                          0x0800036b   Thumb Code     0  startup_stm32f10x_hd.o(.text)
    TIM7_IRQHandler                          0x0800036b   Thumb Code     0  startup_stm32f10x_hd.o(.text)
    TIM8_BRK_IRQHandler                      0x0800036b   Thumb Code     0  startup_stm32f10x_hd.o(.text)
    TIM8_CC_IRQHandler                       0x0800036b   Thumb Code     0  startup_stm32f10x_hd.o(.text)
    TIM8_TRG_COM_IRQHandler                  0x0800036b   Thumb Code     0  startup_stm32f10x_hd.o(.text)
    TIM8_UP_IRQHandler                       0x0800036b   Thumb Code     0  startup_stm32f10x_hd.o(.text)
    UART4_IRQHandler                         0x0800036b   Thumb Code     0  startup_stm32f10x_hd.o(.text)
    UART5_IRQHandler                         0x0800036b   Thumb Code     0  startup_stm32f10x_hd.o(.text)
    USART1_IRQHandler                        0x0800036b   Thumb Code     0  startup_stm32f10x_hd.o(.text)
    USART3_IRQHandler                        0x0800036b   Thumb Code     0  startup_stm32f10x_hd.o(.text)
    USBWakeUp_IRQHandler                     0x0800036b   Thumb Code     0  startup_stm32f10x_hd.o(.text)
    USB_HP_CAN1_TX_IRQHandler                0x0800036b   Thumb Code     0  startup_stm32f10x_hd.o(.text)
    USB_LP_CAN1_RX0_IRQHandler               0x0800036b   Thumb Code     0  startup_stm32f10x_hd.o(.text)
    WWDG_IRQHandler                          0x0800036b   Thumb Code     0  startup_stm32f10x_hd.o(.text)
    __user_initial_stackheap                 0x0800036d   Thumb Code     0  startup_stm32f10x_hd.o(.text)
    __use_no_semihosting                     0x08000391   Thumb Code     2  use_no_semi_2.o(.text)
    __c89vsprintf                            0x08000395   Thumb Code    32  c89vsprintf.o(.text)
    __2printf                                0x080003b9   Thumb Code    20  __2printf.o(.text)
    __2sprintf                               0x080003d1   Thumb Code    38  __2sprintf.o(.text)
    _printf_str                              0x080003fd   Thumb Code    82  _printf_str.o(.text)
    _printf_int_dec                          0x08000451   Thumb Code   104  _printf_dec.o(.text)
    _printf_longlong_hex                     0x080004c9   Thumb Code    86  _printf_hex_int_ll_ptr.o(.text)
    _printf_int_hex                          0x0800051f   Thumb Code    28  _printf_hex_int_ll_ptr.o(.text)
    _printf_ll_hex                           0x0800053b   Thumb Code    12  _printf_hex_int_ll_ptr.o(.text)
    _printf_hex_ptr                          0x08000547   Thumb Code    18  _printf_hex_int_ll_ptr.o(.text)
    __printf                                 0x0800055d   Thumb Code   388  __printf_flags_ss_wp.o(.text)
    strstr                                   0x080006e5   Thumb Code    36  strstr.o(.text)
    memcmp                                   0x08000709   Thumb Code    88  memcmp.o(.text)
    strlen                                   0x08000761   Thumb Code    62  strlen.o(.text)
    __aeabi_memcpy                           0x0800079f   Thumb Code     0  rt_memcpy_v6.o(.text)
    __rt_memcpy                              0x0800079f   Thumb Code   138  rt_memcpy_v6.o(.text)
    _memcpy_lastbytes                        0x08000805   Thumb Code     0  rt_memcpy_v6.o(.text)
    __aeabi_memcpy4                          0x08000829   Thumb Code     0  rt_memcpy_w.o(.text)
    __aeabi_memcpy8                          0x08000829   Thumb Code     0  rt_memcpy_w.o(.text)
    __rt_memcpy_w                            0x08000829   Thumb Code   100  rt_memcpy_w.o(.text)
    _memcpy_lastbytes_aligned                0x08000871   Thumb Code     0  rt_memcpy_w.o(.text)
    __aeabi_memset                           0x0800088d   Thumb Code    16  aeabi_memset.o(.text)
    __aeabi_memclr                           0x0800089d   Thumb Code     0  rt_memclr.o(.text)
    __rt_memclr                              0x0800089d   Thumb Code    68  rt_memclr.o(.text)
    _memset                                  0x080008a1   Thumb Code     0  rt_memclr.o(.text)
    __aeabi_memclr4                          0x080008e1   Thumb Code     0  rt_memclr_w.o(.text)
    __aeabi_memclr8                          0x080008e1   Thumb Code     0  rt_memclr_w.o(.text)
    __rt_memclr_w                            0x080008e1   Thumb Code    78  rt_memclr_w.o(.text)
    _memset_w                                0x080008e5   Thumb Code     0  rt_memclr_w.o(.text)
    __use_two_region_memory                  0x0800092f   Thumb Code     2  heapauxi.o(.text)
    __rt_heap_escrow$2region                 0x08000931   Thumb Code     2  heapauxi.o(.text)
    __rt_heap_expand$2region                 0x08000933   Thumb Code     2  heapauxi.o(.text)
    __I$use$semihosting                      0x08000935   Thumb Code     0  use_no_semi.o(.text)
    __use_no_semihosting_swi                 0x08000935   Thumb Code     2  use_no_semi.o(.text)
    _printf_pre_padding                      0x08000937   Thumb Code    44  _printf_pad.o(.text)
    _printf_post_padding                     0x08000963   Thumb Code    34  _printf_pad.o(.text)
    _printf_truncate_signed                  0x08000985   Thumb Code    18  _printf_truncate.o(.text)
    _printf_truncate_unsigned                0x08000997   Thumb Code    18  _printf_truncate.o(.text)
    _printf_int_common                       0x080009a9   Thumb Code   178  _printf_intcommon.o(.text)
    _printf_charcount                        0x08000a5b   Thumb Code    40  _printf_charcount.o(.text)
    __lib_sel_fp_printf                      0x08000a83   Thumb Code     2  _printf_fp_dec.o(.text)
    _printf_fp_dec_real                      0x08000c31   Thumb Code   620  _printf_fp_dec.o(.text)
    _printf_char_common                      0x08000ea7   Thumb Code    32  _printf_char_common.o(.text)
    _sputc                                   0x08000ecd   Thumb Code    10  _sputc.o(.text)
    _printf_cs_common                        0x08000ed7   Thumb Code    20  _printf_char.o(.text)
    _printf_char                             0x08000eeb   Thumb Code    16  _printf_char.o(.text)
    _printf_string                           0x08000efb   Thumb Code     8  _printf_char.o(.text)
    _printf_char_file                        0x08000f05   Thumb Code    32  _printf_char_file.o(.text)
    _printf_wctomb                           0x08000f29   Thumb Code   182  _printf_wctomb.o(.text)
    _printf_longlong_dec                     0x08000fe5   Thumb Code   108  _printf_longlong_dec.o(.text)
    _printf_longlong_oct                     0x08001061   Thumb Code    68  _printf_oct_int_ll.o(.text)
    _printf_int_oct                          0x080010a5   Thumb Code    24  _printf_oct_int_ll.o(.text)
    _printf_ll_oct                           0x080010bd   Thumb Code    12  _printf_oct_int_ll.o(.text)
    __rt_locale                              0x080010d1   Thumb Code     8  rt_locale_intlibspace.o(.text)
    _ll_udiv10                               0x080010d9   Thumb Code   138  lludiv10.o(.text)
    _printf_fp_infnan                        0x08001165   Thumb Code   112  _printf_fp_infnan.o(.text)
    _printf_lcs_common                       0x080011e5   Thumb Code    20  _printf_wchar.o(.text)
    _printf_wchar                            0x080011f9   Thumb Code    16  _printf_wchar.o(.text)
    _printf_wstring                          0x08001209   Thumb Code     8  _printf_wchar.o(.text)
    _btod_etento                             0x08001211   Thumb Code   216  bigflt0.o(.text)
    ferror                                   0x080012ed   Thumb Code     8  ferror.o(.text)
    _wcrtomb                                 0x080012f5   Thumb Code    64  _wcrtomb.o(.text)
    __user_libspace                          0x08001335   Thumb Code     8  libspace.o(.text)
    __user_perproc_libspace                  0x08001335   Thumb Code     0  libspace.o(.text)
    __user_perthread_libspace                0x08001335   Thumb Code     0  libspace.o(.text)
    __user_setup_stackheap                   0x0800133d   Thumb Code    74  sys_stackheap_outer.o(.text)
    __rt_ctype_table                         0x08001389   Thumb Code    16  rt_ctype_table.o(.text)
    exit                                     0x08001399   Thumb Code    12  exit.o(.text)
    strcmp                                   0x080013a5   Thumb Code   128  strcmpv7m.o(.text)
    _btod_d2e                                0x08001425   Thumb Code    62  btod.o(CL$$btod_d2e)
    _d2e_denorm_low                          0x08001463   Thumb Code    70  btod.o(CL$$btod_d2e_denorm_low)
    _d2e_norm_op1                            0x080014a9   Thumb Code    96  btod.o(CL$$btod_d2e_norm_op1)
    __btod_div_common                        0x08001509   Thumb Code   696  btod.o(CL$$btod_div_common)
    _e2e                                     0x08001841   Thumb Code   198  btod.o(CL$$btod_e2e)
    _btod_ediv                               0x08001907   Thumb Code    40  btod.o(CL$$btod_ediv)
    _btod_emul                               0x0800192f   Thumb Code    40  btod.o(CL$$btod_emul)
    __btod_mult_common                       0x08001957   Thumb Code   580  btod.o(CL$$btod_mult_common)
    ADC_Cmd                                  0x08001b9b   Thumb Code    22  stm32f10x_adc.o(i.ADC_Cmd)
    ADC_DeInit                               0x08001bb1   Thumb Code    78  stm32f10x_adc.o(i.ADC_DeInit)
    ADC_GetCalibrationStatus                 0x08001c0d   Thumb Code    20  stm32f10x_adc.o(i.ADC_GetCalibrationStatus)
    ADC_GetConversionValue                   0x08001c21   Thumb Code     8  stm32f10x_adc.o(i.ADC_GetConversionValue)
    ADC_GetFlagStatus                        0x08001c29   Thumb Code    18  stm32f10x_adc.o(i.ADC_GetFlagStatus)
    ADC_GetResetCalibrationStatus            0x08001c3b   Thumb Code    20  stm32f10x_adc.o(i.ADC_GetResetCalibrationStatus)
    ADC_Init                                 0x08001c51   Thumb Code    70  stm32f10x_adc.o(i.ADC_Init)
    ADC_RegularChannelConfig                 0x08001ca1   Thumb Code   184  stm32f10x_adc.o(i.ADC_RegularChannelConfig)
    ADC_ResetCalibration                     0x08001d59   Thumb Code    10  stm32f10x_adc.o(i.ADC_ResetCalibration)
    ADC_SoftwareStartConvCmd                 0x08001d63   Thumb Code    22  stm32f10x_adc.o(i.ADC_SoftwareStartConvCmd)
    ADC_StartCalibration                     0x08001d79   Thumb Code    10  stm32f10x_adc.o(i.ADC_StartCalibration)
    Adc_Init                                 0x08001d85   Thumb Code   132  adc.o(i.Adc_Init)
    AliIoT_Parameter_Init                    0x08001e11   Thumb Code   186  mqtt.o(i.AliIoT_Parameter_Init)
    BEEP_Init                                0x08001fed   Thumb Code    46  beep.o(i.BEEP_Init)
    BH1750_RecvACK                           0x08002021   Thumb Code    92  bh1750.o(i.BH1750_RecvACK)
    BH1750_RecvByte                          0x08002089   Thumb Code    96  bh1750.o(i.BH1750_RecvByte)
    BH1750_SendACK                           0x080020f5   Thumb Code    78  bh1750.o(i.BH1750_SendACK)
    BH1750_SendByte                          0x08002151   Thumb Code   106  bh1750.o(i.BH1750_SendByte)
    BH1750_Start                             0x080021c9   Thumb Code    64  bh1750.o(i.BH1750_Start)
    BH1750_Stop                              0x08002215   Thumb Code    58  bh1750.o(i.BH1750_Stop)
    BusFault_Handler                         0x0800225d   Thumb Code     2  stm32f10x_it.o(i.BusFault_Handler)
    CMDBuf_Deal                              0x08002261   Thumb Code    96  mqtt.o(i.CMDBuf_Deal)
    DHT11_Check                              0x080022cd   Thumb Code   102  dht11.o(i.DHT11_Check)
    DHT11_Read_Bit                           0x08002339   Thumb Code    84  dht11.o(i.DHT11_Read_Bit)
    DHT11_Read_Byte                          0x08002391   Thumb Code    30  dht11.o(i.DHT11_Read_Byte)
    DHT11_Rst                                0x080023b1   Thumb Code    58  dht11.o(i.DHT11_Rst)
    DebugMon_Handler                         0x080023f1   Thumb Code     2  stm32f10x_it.o(i.DebugMon_Handler)
    GPIO_Init                                0x080023f3   Thumb Code   278  stm32f10x_gpio.o(i.GPIO_Init)
    GPIO_PinRemapConfig                      0x08002509   Thumb Code   138  stm32f10x_gpio.o(i.GPIO_PinRemapConfig)
    GPIO_ReadInputDataBit                    0x08002599   Thumb Code    18  stm32f10x_gpio.o(i.GPIO_ReadInputDataBit)
    GPIO_ResetBits                           0x080025ab   Thumb Code     4  stm32f10x_gpio.o(i.GPIO_ResetBits)
    GPIO_SetBits                             0x080025af   Thumb Code     4  stm32f10x_gpio.o(i.GPIO_SetBits)
    GPIO_WriteBit                            0x080025b3   Thumb Code    10  stm32f10x_gpio.o(i.GPIO_WriteBit)
    Get_Adc                                  0x080025bd   Thumb Code    46  adc.o(i.Get_Adc)
    Get_Adc_Average                          0x080025f1   Thumb Code    46  adc.o(i.Get_Adc_Average)
    HardFault_Handler                        0x0800261f   Thumb Code     2  stm32f10x_it.o(i.HardFault_Handler)
    INF_Init                                 0x08002621   Thumb Code    46  main.o(i.INF_Init)
    LCD_Clear                                0x08002655   Thumb Code   122  lcd.o(i.LCD_Clear)
    LCD_Display_Dir                          0x080026dd   Thumb Code   444  lcd.o(i.LCD_Display_Dir)
    LCD_Fast_DrawPoint                       0x0800289d   Thumb Code   854  lcd.o(i.LCD_Fast_DrawPoint)
    LCD_Init                                 0x08002c01   Thumb Code 15292  lcd.o(i.LCD_Init)
    LCD_Pow                                  0x080067bd   Thumb Code    22  lcd.o(i.LCD_Pow)
    LCD_RD_DATA                              0x080067d5   Thumb Code    98  lcd.o(i.LCD_RD_DATA)
    LCD_ReadReg                              0x08006845   Thumb Code    16  lcd.o(i.LCD_ReadReg)
    LCD_SSD_BackLightSet                     0x08006855   Thumb Code   198  lcd.o(i.LCD_SSD_BackLightSet)
    LCD_Scan_Dir                             0x08006929   Thumb Code  1112  lcd.o(i.LCD_Scan_Dir)
    LCD_SetCursor                            0x08006d81   Thumb Code   944  lcd.o(i.LCD_SetCursor)
    LCD_ShowChar                             0x0800713d   Thumb Code   272  lcd.o(i.LCD_ShowChar)
    LCD_ShowString                           0x08007265   Thumb Code   102  lcd.o(i.LCD_ShowString)
    LCD_ShowxNum                             0x080072cb   Thumb Code   190  lcd.o(i.LCD_ShowxNum)
    LCD_WR_DATAX                             0x08007389   Thumb Code    28  lcd.o(i.LCD_WR_DATAX)
    LCD_WR_REG                               0x080073ad   Thumb Code    28  lcd.o(i.LCD_WR_REG)
    LCD_WriteRAM_Prepare                     0x080073d1   Thumb Code    12  lcd.o(i.LCD_WriteRAM_Prepare)
    LCD_WriteReg                             0x080073e1   Thumb Code    40  lcd.o(i.LCD_WriteReg)
    MQTT_Buff_Init                           0x08007411   Thumb Code    74  mqtt.o(i.MQTT_Buff_Init)
    MQTT_ConectPack                          0x0800749d   Thumb Code   496  mqtt.o(i.MQTT_ConectPack)
    MQTT_DealPushdata_Qs0                    0x080076b5   Thumb Code   234  mqtt.o(i.MQTT_DealPushdata_Qs0)
    MQTT_PingREQ                             0x080077bd   Thumb Code    22  mqtt.o(i.MQTT_PingREQ)
    MQTT_PublishQs0                          0x080077d9   Thumb Code   220  mqtt.o(i.MQTT_PublishQs0)
    MemManage_Handler                        0x080078c5   Thumb Code     2  stm32f10x_it.o(i.MemManage_Handler)
    Multiple_Read_BH1750                     0x080078c9   Thumb Code    56  bh1750.o(i.Multiple_Read_BH1750)
    NMI_Handler                              0x08007905   Thumb Code     2  stm32f10x_it.o(i.NMI_Handler)
    NVIC_Init                                0x08007909   Thumb Code   100  misc.o(i.NVIC_Init)
    NVIC_PriorityGroupConfig                 0x08007979   Thumb Code    10  misc.o(i.NVIC_PriorityGroupConfig)
    RCC_ADCCLKConfig                         0x0800798d   Thumb Code    18  stm32f10x_rcc.o(i.RCC_ADCCLKConfig)
    RCC_APB1PeriphClockCmd                   0x080079a5   Thumb Code    26  stm32f10x_rcc.o(i.RCC_APB1PeriphClockCmd)
    RCC_APB1PeriphResetCmd                   0x080079c5   Thumb Code    26  stm32f10x_rcc.o(i.RCC_APB1PeriphResetCmd)
    RCC_APB2PeriphClockCmd                   0x080079e5   Thumb Code    26  stm32f10x_rcc.o(i.RCC_APB2PeriphClockCmd)
    RCC_APB2PeriphResetCmd                   0x08007a05   Thumb Code    26  stm32f10x_rcc.o(i.RCC_APB2PeriphResetCmd)
    RCC_GetClocksFreq                        0x08007a25   Thumb Code   192  stm32f10x_rcc.o(i.RCC_GetClocksFreq)
    Single_Write_BH1750                      0x08007be1   Thumb Code    34  bh1750.o(i.Single_Write_BH1750)
    SysTick_CLKSourceConfig                  0x08007c03   Thumb Code    40  misc.o(i.SysTick_CLKSourceConfig)
    SysTick_Handler                          0x08007c2b   Thumb Code    16  stm32f10x_it.o(i.SysTick_Handler)
    SystemInit                               0x08007c3d   Thumb Code    78  system_stm32f10x.o(i.SystemInit)
    TIM3_ENABLE_2S                           0x08007c9d   Thumb Code   108  timer3.o(i.TIM3_ENABLE_2S)
    TIM3_ENABLE_30S                          0x08007d0d   Thumb Code   108  timer3.o(i.TIM3_ENABLE_30S)
    TIM3_IRQHandler                          0x08007d7d   Thumb Code   108  stm32f10x_it.o(i.TIM3_IRQHandler)
    TIM4_IRQHandler                          0x08007dfd   Thumb Code   122  stm32f10x_it.o(i.TIM4_IRQHandler)
    TIM_ClearITPendingBit                    0x08007e95   Thumb Code     6  stm32f10x_tim.o(i.TIM_ClearITPendingBit)
    TIM_Cmd                                  0x08007e9b   Thumb Code    24  stm32f10x_tim.o(i.TIM_Cmd)
    TIM_DeInit                               0x08007eb5   Thumb Code   424  stm32f10x_tim.o(i.TIM_DeInit)
    TIM_GetITStatus                          0x0800809d   Thumb Code    34  stm32f10x_tim.o(i.TIM_GetITStatus)
    TIM_ITConfig                             0x080080bf   Thumb Code    18  stm32f10x_tim.o(i.TIM_ITConfig)
    TIM_SetCounter                           0x080080d1   Thumb Code     4  stm32f10x_tim.o(i.TIM_SetCounter)
    TIM_TimeBaseInit                         0x080080d5   Thumb Code   122  stm32f10x_tim.o(i.TIM_TimeBaseInit)
    TxDataBuf_Deal                           0x08008179   Thumb Code    86  mqtt.o(i.TxDataBuf_Deal)
    USART2_IRQHandler                        0x080081dd   Thumb Code   112  stm32f10x_it.o(i.USART2_IRQHandler)
    USART_ClearFlag                          0x08008261   Thumb Code    18  stm32f10x_usart.o(i.USART_ClearFlag)
    USART_Cmd                                0x08008273   Thumb Code    24  stm32f10x_usart.o(i.USART_Cmd)
    USART_DeInit                             0x0800828d   Thumb Code   134  stm32f10x_usart.o(i.USART_DeInit)
    USART_GetITStatus                        0x08008329   Thumb Code    84  stm32f10x_usart.o(i.USART_GetITStatus)
    USART_ITConfig                           0x0800837d   Thumb Code    74  stm32f10x_usart.o(i.USART_ITConfig)
    USART_Init                               0x080083c9   Thumb Code   210  stm32f10x_usart.o(i.USART_Init)
    UsageFault_Handler                       0x080084a1   Thumb Code     2  stm32f10x_it.o(i.UsageFault_Handler)
    WiFi_Connect_IoTServer                   0x080084a5   Thumb Code   224  wifi.o(i.WiFi_Connect_IoTServer)
    WiFi_Connect_Server                      0x08008789   Thumb Code   190  wifi.o(i.WiFi_Connect_Server)
    WiFi_JoinAP                              0x080088dd   Thumb Code    88  wifi.o(i.WiFi_JoinAP)
    WiFi_Reset                               0x08008985   Thumb Code    88  wifi.o(i.WiFi_Reset)
    WiFi_SendCmd                             0x080089f5   Thumb Code    86  wifi.o(i.WiFi_SendCmd)
    __ARM_fpclassify                         0x08008a69   Thumb Code    40  fpclassify.o(i.__ARM_fpclassify)
    _is_digit                                0x08008a91   Thumb Code    14  __printf_wp.o(i._is_digit)
    _sys_exit                                0x08008a9f   Thumb Code     4  usart1.o(i._sys_exit)
    beepOff                                  0x08008aa5   Thumb Code    12  beep.o(i.beepOff)
    beepOn                                   0x08008ab5   Thumb Code    20  beep.o(i.beepOn)
    data_tx_to_buffer_task                   0x08008acd   Thumb Code   194  main.o(i.data_tx_to_buffer_task)
    delay_init                               0x08008be1   Thumb Code    70  delay.o(i.delay_init)
    delay_ms                                 0x08008c39   Thumb Code    60  delay.o(i.delay_ms)
    delay_us                                 0x08008c79   Thumb Code    68  delay.o(i.delay_us)
    dht11_init                               0x08008cc1   Thumb Code    46  dht11.o(i.dht11_init)
    dht11_read_data                          0x08008cf5   Thumb Code    92  dht11.o(i.dht11_read_data)
    fputc                                    0x08008d51   Thumb Code    24  usart1.o(i.fputc)
    get_sunlight_value                       0x08008d6d   Thumb Code    68  bh1750.o(i.get_sunlight_value)
    iic_by30_init                            0x08008db5   Thumb Code    52  bh1750.o(i.iic_by30_init)
    led1_off                                 0x08008df5   Thumb Code    12  led.o(i.led1_off)
    led1_on                                  0x08008e05   Thumb Code    12  led.o(i.led1_on)
    led2_off                                 0x08008e15   Thumb Code    14  led.o(i.led2_off)
    led2_on                                  0x08008e29   Thumb Code    14  led.o(i.led2_on)
    led_init                                 0x08008e3d   Thumb Code    84  led.o(i.led_init)
    main                                     0x08008e99   Thumb Code   106  main.o(i.main)
    mqtt_buffer_rx_tx_task                   0x08008f1d   Thumb Code   436  main.o(i.mqtt_buffer_rx_tx_task)
    my_dht11_task                            0x08009281   Thumb Code   116  main.o(i.my_dht11_task)
    my_inf_task                              0x0800935d   Thumb Code   144  main.o(i.my_inf_task)
    my_lcd_task                              0x08009445   Thumb Code   436  main.o(i.my_lcd_task)
    my_led2_task                             0x08009671   Thumb Code    50  main.o(i.my_led2_task)
    my_mq2_task                              0x080096a9   Thumb Code   282  main.o(i.my_mq2_task)
    my_mqtt_buffer_cmd_task                  0x08009895   Thumb Code   300  main.o(i.my_mqtt_buffer_cmd_task)
    my_start_task                            0x08009a31   Thumb Code   260  main.o(i.my_start_task)
    my_sun_task                              0x08009c39   Thumb Code   102  main.o(i.my_sun_task)
    pvPortMalloc                             0x0800a881   Thumb Code   262  heap_4.o(i.pvPortMalloc)
    pvTaskIncrementMutexHeldCount            0x0800a9d5   Thumb Code    26  tasks.o(i.pvTaskIncrementMutexHeldCount)
    pxPortInitialiseStack                    0x0800a9f5   Thumb Code    30  port.o(i.pxPortInitialiseStack)
    send_data                                0x0800aa19   Thumb Code    98  control.o(i.send_data)
    tim4_init                                0x0800aac9   Thumb Code    98  timer4.o(i.tim4_init)
    u2_TxData                                0x0800ab31   Thumb Code    58  usart2.o(i.u2_TxData)
    u2_printf                                0x0800ab71   Thumb Code    84  usart2.o(i.u2_printf)
    usart1_init                              0x0800abcd   Thumb Code   118  usart1.o(i.usart1_init)
    usart2_init                              0x0800ac4d   Thumb Code   170  usart2.o(i.usart2_init)
    utils_hb2hex                             0x0800ad01   Thumb Code    24  utils_md5.o(i.utils_hb2hex)
    utils_hmac_sha1                          0x0800ad19   Thumb Code   232  utils_hmac.o(i.utils_hmac_sha1)
    utils_sha1_finish                        0x0800ae01   Thumb Code   228  utils_sha1.o(i.utils_sha1_finish)
    utils_sha1_init                          0x0800aee9   Thumb Code    14  utils_sha1.o(i.utils_sha1_init)
    utils_sha1_process                       0x0800aef9   Thumb Code  6420  utils_sha1.o(i.utils_sha1_process)
    utils_sha1_starts                        0x0800c815   Thumb Code    30  utils_sha1.o(i.utils_sha1_starts)
    utils_sha1_update                        0x0800c841   Thumb Code   124  utils_sha1.o(i.utils_sha1_update)
    uxListRemove                             0x0800c8bd   Thumb Code    40  list.o(i.uxListRemove)
    uxTaskResetEventItemValue                0x0800c8e5   Thumb Code    24  tasks.o(i.uxTaskResetEventItemValue)
    vEventGroupClearBitsCallback             0x0800c901   Thumb Code    16  event_groups.o(i.vEventGroupClearBitsCallback)
    vListInitialise                          0x0800c911   Thumb Code    26  list.o(i.vListInitialise)
    vListInitialiseItem                      0x0800c92b   Thumb Code     6  list.o(i.vListInitialiseItem)
    vListInsert                              0x0800c931   Thumb Code    52  list.o(i.vListInsert)
    vListInsertEnd                           0x0800c965   Thumb Code    24  list.o(i.vListInsertEnd)
    vPortEnterCritical                       0x0800c97d   Thumb Code    68  port.o(i.vPortEnterCritical)
    vPortExitCritical                        0x0800ca05   Thumb Code    48  port.o(i.vPortExitCritical)
    vPortFree                                0x0800ca75   Thumb Code   120  heap_4.o(i.vPortFree)
    vPortSetupTimerInterrupt                 0x0800cb2d   Thumb Code    26  port.o(i.vPortSetupTimerInterrupt)
    vPortValidateInterruptPriority           0x0800cb4d   Thumb Code    86  port.o(i.vPortValidateInterruptPriority)
    vQueueAddToRegistry                      0x0800cbed   Thumb Code    38  queue.o(i.vQueueAddToRegistry)
    vQueueWaitForMessageRestricted           0x0800cc19   Thumb Code    74  queue.o(i.vQueueWaitForMessageRestricted)
    vTaskDelay                               0x0800cc65   Thumb Code    72  tasks.o(i.vTaskDelay)
    vTaskDelete                              0x0800ccd9   Thumb Code   192  tasks.o(i.vTaskDelete)
    vTaskMissedYield                         0x0800cde5   Thumb Code     8  tasks.o(i.vTaskMissedYield)
    vTaskPlaceOnEventList                    0x0800cdf1   Thumb Code    42  tasks.o(i.vTaskPlaceOnEventList)
    vTaskPlaceOnEventListRestricted          0x0800ce45   Thumb Code    50  tasks.o(i.vTaskPlaceOnEventListRestricted)
    vTaskPlaceOnUnorderedEventList           0x0800cea1   Thumb Code    80  tasks.o(i.vTaskPlaceOnUnorderedEventList)
    vTaskPriorityInherit                     0x0800cf1d   Thumb Code   164  tasks.o(i.vTaskPriorityInherit)
    vTaskResume                              0x0800cfcd   Thumb Code   118  tasks.o(i.vTaskResume)
    vTaskSetTimeOutState                     0x0800d079   Thumb Code    32  tasks.o(i.vTaskSetTimeOutState)
    vTaskStartScheduler                      0x0800d0c5   Thumb Code   108  tasks.o(i.vTaskStartScheduler)
    vTaskSuspend                             0x0800d171   Thumb Code   186  tasks.o(i.vTaskSuspend)
    vTaskSuspendAll                          0x0800d271   Thumb Code    12  tasks.o(i.vTaskSuspendAll)
    vTaskSwitchContext                       0x0800d281   Thumb Code   110  tasks.o(i.vTaskSwitchContext)
    wifi_reset_io_init                       0x0800d329   Thumb Code    48  wifi.o(i.wifi_reset_io_init)
    wifi_task                                0x0800d35d   Thumb Code   126  main.o(i.wifi_task)
    xEventGroupClearBits                     0x0800d419   Thumb Code    72  event_groups.o(i.xEventGroupClearBits)
    xEventGroupClearBitsFromISR              0x0800d48d   Thumb Code    24  event_groups.o(i.xEventGroupClearBitsFromISR)
    xEventGroupCreate                        0x0800d4a9   Thumb Code    26  event_groups.o(i.xEventGroupCreate)
    xEventGroupGetBitsFromISR                0x0800d4c3   Thumb Code    44  event_groups.o(i.xEventGroupGetBitsFromISR)
    xEventGroupSetBits                       0x0800d4f1   Thumb Code   186  event_groups.o(i.xEventGroupSetBits)
    xEventGroupWaitBits                      0x0800d5d9   Thumb Code   294  event_groups.o(i.xEventGroupWaitBits)
    xPortStartScheduler                      0x0800d731   Thumb Code   140  port.o(i.xPortStartScheduler)
    xPortSysTickHandler                      0x0800d7d1   Thumb Code    46  port.o(i.xPortSysTickHandler)
    xQueueGenericCreate                      0x0800d805   Thumb Code    78  queue.o(i.xQueueGenericCreate)
    xQueueGenericReceive                     0x0800d879   Thumb Code   416  queue.o(i.xQueueGenericReceive)
    xQueueGenericReset                       0x0800da41   Thumb Code   136  queue.o(i.xQueueGenericReset)
    xQueueGenericSend                        0x0800daf1   Thumb Code   412  queue.o(i.xQueueGenericSend)
    xQueueGenericSendFromISR                 0x0800dcb5   Thumb Code   234  queue.o(i.xQueueGenericSendFromISR)
    xTaskCheckForTimeOut                     0x0800ddc5   Thumb Code   116  tasks.o(i.xTaskCheckForTimeOut)
    xTaskCreate                              0x0800de65   Thumb Code    96  tasks.o(i.xTaskCreate)
    xTaskGetSchedulerState                   0x0800dec5   Thumb Code    24  tasks.o(i.xTaskGetSchedulerState)
    xTaskGetTickCount                        0x0800dee5   Thumb Code     6  tasks.o(i.xTaskGetTickCount)
    xTaskIncrementTick                       0x0800def1   Thumb Code   272  tasks.o(i.xTaskIncrementTick)
    xTaskPriorityDisinherit                  0x0800e051   Thumb Code   168  tasks.o(i.xTaskPriorityDisinherit)
    xTaskRemoveFromEventList                 0x0800e129   Thumb Code   118  tasks.o(i.xTaskRemoveFromEventList)
    xTaskRemoveFromUnorderedEventList        0x0800e1dd   Thumb Code   134  tasks.o(i.xTaskRemoveFromUnorderedEventList)
    xTaskResumeAll                           0x0800e29d   Thumb Code   214  tasks.o(i.xTaskResumeAll)
    xTaskResumeFromISR                       0x0800e3bd   Thumb Code   148  tasks.o(i.xTaskResumeFromISR)
    xTimerCreateTimerTask                    0x0800e489   Thumb Code    56  timers.o(i.xTimerCreateTimerTask)
    xTimerGenericCommand                     0x0800e4fd   Thumb Code   118  timers.o(i.xTimerGenericCommand)
    xTimerPendFunctionCallFromISR            0x0800e5a1   Thumb Code    48  timers.o(i.xTimerPendFunctionCallFromISR)
    _get_lc_numeric                          0x0800e5d5   Thumb Code    44  lc_numeric_c.o(locale$$code)
    _get_lc_ctype                            0x0800e601   Thumb Code    44  lc_ctype_c.o(locale$$code)
    __aeabi_d2f                              0x0800e62d   Thumb Code     0  d2f.o(x$fpl$d2f)
    _d2f                                     0x0800e62d   Thumb Code    98  d2f.o(x$fpl$d2f)
    __aeabi_d2uiz                            0x0800e691   Thumb Code     0  dfixu.o(x$fpl$dfixu)
    _dfixu                                   0x0800e691   Thumb Code    90  dfixu.o(x$fpl$dfixu)
    __aeabi_ui2d                             0x0800e6eb   Thumb Code     0  dflt_clz.o(x$fpl$dfltu)
    _dfltu                                   0x0800e6eb   Thumb Code    38  dflt_clz.o(x$fpl$dfltu)
    __aeabi_dmul                             0x0800e711   Thumb Code     0  dmul.o(x$fpl$dmul)
    _dmul                                    0x0800e711   Thumb Code   332  dmul.o(x$fpl$dmul)
    __fpl_dnaninf                            0x0800e865   Thumb Code   156  dnaninf.o(x$fpl$dnaninf)
    __fpl_dretinf                            0x0800e901   Thumb Code    12  dretinf.o(x$fpl$dretinf)
    __aeabi_f2d                              0x0800e90d   Thumb Code     0  f2d.o(x$fpl$f2d)
    _f2d                                     0x0800e90d   Thumb Code    86  f2d.o(x$fpl$f2d)
    __aeabi_fadd                             0x0800e965   Thumb Code     0  faddsub_clz.o(x$fpl$fadd)
    _fadd                                    0x0800e965   Thumb Code   196  faddsub_clz.o(x$fpl$fadd)
    __aeabi_f2uiz                            0x0800ea29   Thumb Code     0  ffixu.o(x$fpl$ffixu)
    _ffixu                                   0x0800ea29   Thumb Code    62  ffixu.o(x$fpl$ffixu)
    __aeabi_ui2f                             0x0800ea69   Thumb Code     0  fflt_clz.o(x$fpl$ffltu)
    _ffltu                                   0x0800ea69   Thumb Code    38  fflt_clz.o(x$fpl$ffltu)
    __aeabi_fmul                             0x0800ea91   Thumb Code     0  fmul.o(x$fpl$fmul)
    _fmul                                    0x0800ea91   Thumb Code   258  fmul.o(x$fpl$fmul)
    __fpl_fnaninf                            0x0800eb93   Thumb Code   140  fnaninf.o(x$fpl$fnaninf)
    __fpl_fretinf                            0x0800ec1f   Thumb Code    10  fretinf.o(x$fpl$fretinf)
    __aeabi_frsub                            0x0800ec29   Thumb Code     0  faddsub_clz.o(x$fpl$frsb)
    _frsb                                    0x0800ec29   Thumb Code    20  faddsub_clz.o(x$fpl$frsb)
    __aeabi_fsub                             0x0800ec3d   Thumb Code     0  faddsub_clz.o(x$fpl$fsub)
    _fsub                                    0x0800ec3d   Thumb Code   234  faddsub_clz.o(x$fpl$fsub)
    _printf_fp_dec                           0x0800ed27   Thumb Code     4  printf1.o(x$fpl$printf1)
    __I$use$fp                               0x0800ed2a   Number         0  usenofp.o(x$fpl$usenofp)
    WIFI_CONECT                              0x0800ed2c   Data           4  main.o(.constdata)
    PING_MODE                                0x0800ed30   Data           4  main.o(.constdata)
    MESSAGE_DATA_TX_NUM                      0x0800ed34   Data           4  main.o(.constdata)
    MESSAGE_DATA_TX_LEN                      0x0800ed38   Data           4  main.o(.constdata)
    asc2_1206                                0x0800ed3c   Data        1140  lcd.o(.constdata)
    asc2_1608                                0x0800f1b0   Data        1520  lcd.o(.constdata)
    asc2_2412                                0x0800f7a0   Data        3420  lcd.o(.constdata)
    Region$$Table$$Base                      0x080107c4   Number         0  anon$$obj.o(Region$$Table)
    Region$$Table$$Limit                     0x080107e4   Number         0  anon$$obj.o(Region$$Table)
    __ctype                                  0x0801080d   Data           0  lc_ctype_c.o(locale$$data)
    LED1_LABER                               0x20000000   Data           4  main.o(.data)
    CMD_LED1ON                               0x20000004   Data           4  main.o(.data)
    CMD_LED1OFF                              0x20000008   Data           4  main.o(.data)
    led1_flag                                0x2000000c   Data           4  main.o(.data)
    LED2_LABER                               0x20000010   Data           4  main.o(.data)
    CMD_LED2ON                               0x20000014   Data           4  main.o(.data)
    CMD_LED2OFF                              0x20000018   Data           4  main.o(.data)
    led2_flag                                0x2000001c   Data           4  main.o(.data)
    BinarySemaphore                          0x20000020   Data           4  main.o(.data)
    Event_Handle                             0x20000024   Data           4  main.o(.data)
    Message_Queue                            0x20000028   Data           4  main.o(.data)
    StartTask_Handler                        0x2000002c   Data           4  main.o(.data)
    Led2_Task_Handler                        0x20000030   Data           4  main.o(.data)
    DHT11_Task_Handler                       0x20000034   Data           4  main.o(.data)
    SUN_Task_Handler                         0x20000038   Data           4  main.o(.data)
    MQ2_Task_Handler                         0x2000003c   Data           4  main.o(.data)
    LCD_Task_Handler                         0x20000040   Data           4  main.o(.data)
    INF_Task_Handler                         0x20000044   Data           4  main.o(.data)
    MQTT_Cmd_Task_Handler                    0x20000048   Data           4  main.o(.data)
    WIFI_Task_Handler                        0x2000004c   Data           4  main.o(.data)
    MQTT_RxTx_Task_Handler                   0x20000050   Data           4  main.o(.data)
    DATA_TX_Task_Handler                     0x20000054   Data           4  main.o(.data)
    __stdout                                 0x2000005c   Data           4  usart1.o(.data)
    Usart2_RxCounter                         0x20000060   Data           4  usart2.o(.data)
    MQTT_RxDataInPtr                         0x20000064   Data           4  mqtt.o(.data)
    MQTT_RxDataOutPtr                        0x20000068   Data           4  mqtt.o(.data)
    MQTT_RxDataEndPtr                        0x2000006c   Data           4  mqtt.o(.data)
    MQTT_TxDataInPtr                         0x20000070   Data           4  mqtt.o(.data)
    MQTT_TxDataOutPtr                        0x20000074   Data           4  mqtt.o(.data)
    MQTT_TxDataEndPtr                        0x20000078   Data           4  mqtt.o(.data)
    MQTT_CMDInPtr                            0x2000007c   Data           4  mqtt.o(.data)
    MQTT_CMDOutPtr                           0x20000080   Data           4  mqtt.o(.data)
    MQTT_CMDEndPtr                           0x20000084   Data           4  mqtt.o(.data)
    ClientID_len                             0x20000088   Data           4  mqtt.o(.data)
    Username_len                             0x2000008c   Data           4  mqtt.o(.data)
    Passward_len                             0x20000090   Data           4  mqtt.o(.data)
    ServerPort                               0x20000094   Data           4  mqtt.o(.data)
    Fixed_len                                0x20000098   Data           4  mqtt.o(.data)
    Variable_len                             0x2000009c   Data           4  mqtt.o(.data)
    Payload_len                              0x200000a0   Data           4  mqtt.o(.data)
    pingFlag                                 0x200000a4   Data           1  mqtt.o(.data)
    BUF                                      0x200000a5   Data           3  bh1750.o(.data)
    POINT_COLOR                              0x200000a8   Data           2  lcd.o(.data)
    BACK_COLOR                               0x200000aa   Data           2  lcd.o(.data)
    SystemCoreClock                          0x200000ac   Data           4  system_stm32f10x.o(.data)
    AHBPrescTable                            0x200000b0   Data          16  system_stm32f10x.o(.data)
    pxCurrentTCB                             0x200000d4   Data           4  tasks.o(.data)
    Usart2_RxBuff                            0x20000148   Data        1024  usart2.o(.bss)
    USART2_TxBuff                            0x20000548   Data        1024  usart2.o(.bss)
    MQTT_RxDataBuf                           0x20000948   Data        1500  mqtt.o(.bss)
    MQTT_TxDataBuf                           0x20000f24   Data        1500  mqtt.o(.bss)
    MQTT_CMDBuf                              0x20001500   Data        1500  mqtt.o(.bss)
    ClientID                                 0x20001adc   Data         128  mqtt.o(.bss)
    Username                                 0x20001b5c   Data         128  mqtt.o(.bss)
    Passward                                 0x20001bdc   Data         128  mqtt.o(.bss)
    ServerIP                                 0x20001c5c   Data         128  mqtt.o(.bss)
    temp_buff                                0x20001cdc   Data         300  mqtt.o(.bss)
    lcddev                                   0x20001e08   Data          14  lcd.o(.bss)
    xQueueRegistry                           0x20001e18   Data          64  queue.o(.bss)
    __libspace_start                         0x20007164   Data          96  libspace.o(.bss)
    __temporary_stack_top$libspace           0x200071c4   Data           0  libspace.o(.bss)



==============================================================================

Memory Map of the image

  Image Entry point : 0x08000351

  Load Region LR_1 (Base: 0x08000000, Size: 0x00010a58, Max: 0xffffffff, ABSOLUTE, COMPRESSED[0x00010944])

    Execution Region ER_RO (Base: 0x08000000, Size: 0x00010910, Max: 0xffffffff, ABSOLUTE)

    Base Addr    Size         Type   Attr      Idx    E Section Name        Object

    0x08000000   0x00000130   Data   RO         1344    RESET               startup_stm32f10x_hd.o
    0x08000130   0x00000008   Code   RO         3708  * !!!main             c_w.l(__main.o)
    0x08000138   0x00000034   Code   RO         4013    !!!scatter          c_w.l(__scatter.o)
    0x0800016c   0x0000005a   Code   RO         4011    !!dczerorl2         c_w.l(__dczerorl2.o)
    0x080001c6   0x00000002   PAD
    0x080001c8   0x0000001c   Code   RO         4015    !!handler_zi        c_w.l(__scatter_zi.o)
    0x080001e4   0x00000000   Code   RO         3687    .ARM.Collect$$_printf_percent$$00000000  c_w.l(_printf_percent.o)
    0x080001e4   0x00000006   Code   RO         3778    .ARM.Collect$$_printf_percent$$00000001  c_w.l(_printf_n.o)
    0x080001ea   0x00000006   Code   RO         3779    .ARM.Collect$$_printf_percent$$00000002  c_w.l(_printf_p.o)
    0x080001f0   0x00000006   Code   RO         3686    .ARM.Collect$$_printf_percent$$00000003  c_w.l(_printf_f.o)
    0x080001f6   0x00000006   Code   RO         3782    .ARM.Collect$$_printf_percent$$00000004  c_w.l(_printf_e.o)
    0x080001fc   0x00000006   Code   RO         3783    .ARM.Collect$$_printf_percent$$00000005  c_w.l(_printf_g.o)
    0x08000202   0x00000006   Code   RO         3784    .ARM.Collect$$_printf_percent$$00000006  c_w.l(_printf_a.o)
    0x08000208   0x0000000a   Code   RO         3789    .ARM.Collect$$_printf_percent$$00000007  c_w.l(_printf_ll.o)
    0x08000212   0x00000006   Code   RO         3781    .ARM.Collect$$_printf_percent$$00000008  c_w.l(_printf_i.o)
    0x08000218   0x00000006   Code   RO         3684    .ARM.Collect$$_printf_percent$$00000009  c_w.l(_printf_d.o)
    0x0800021e   0x00000006   Code   RO         3685    .ARM.Collect$$_printf_percent$$0000000A  c_w.l(_printf_u.o)
    0x08000224   0x00000006   Code   RO         3780    .ARM.Collect$$_printf_percent$$0000000B  c_w.l(_printf_o.o)
    0x0800022a   0x00000006   Code   RO         3683    .ARM.Collect$$_printf_percent$$0000000C  c_w.l(_printf_x.o)
    0x08000230   0x00000006   Code   RO         3786    .ARM.Collect$$_printf_percent$$0000000D  c_w.l(_printf_lli.o)
    0x08000236   0x00000006   Code   RO         3787    .ARM.Collect$$_printf_percent$$0000000E  c_w.l(_printf_lld.o)
    0x0800023c   0x00000006   Code   RO         3788    .ARM.Collect$$_printf_percent$$0000000F  c_w.l(_printf_llu.o)
    0x08000242   0x00000006   Code   RO         3793    .ARM.Collect$$_printf_percent$$00000010  c_w.l(_printf_llo.o)
    0x08000248   0x00000006   Code   RO         3794    .ARM.Collect$$_printf_percent$$00000011  c_w.l(_printf_llx.o)
    0x0800024e   0x0000000a   Code   RO         3790    .ARM.Collect$$_printf_percent$$00000012  c_w.l(_printf_l.o)
    0x08000258   0x00000006   Code   RO         3681    .ARM.Collect$$_printf_percent$$00000013  c_w.l(_printf_c.o)
    0x0800025e   0x00000006   Code   RO         3682    .ARM.Collect$$_printf_percent$$00000014  c_w.l(_printf_s.o)
    0x08000264   0x00000006   Code   RO         3791    .ARM.Collect$$_printf_percent$$00000015  c_w.l(_printf_lc.o)
    0x0800026a   0x00000006   Code   RO         3792    .ARM.Collect$$_printf_percent$$00000016  c_w.l(_printf_ls.o)
    0x08000270   0x00000004   Code   RO         3785    .ARM.Collect$$_printf_percent$$00000017  c_w.l(_printf_percent_end.o)
    0x08000274   0x00000002   Code   RO         3886    .ARM.Collect$$libinit$$00000000  c_w.l(libinit.o)
    0x08000276   0x00000000   Code   RO         3888    .ARM.Collect$$libinit$$00000002  c_w.l(libinit2.o)
    0x08000276   0x00000000   Code   RO         3890    .ARM.Collect$$libinit$$00000004  c_w.l(libinit2.o)
    0x08000276   0x00000000   Code   RO         3893    .ARM.Collect$$libinit$$0000000A  c_w.l(libinit2.o)
    0x08000276   0x00000000   Code   RO         3895    .ARM.Collect$$libinit$$0000000C  c_w.l(libinit2.o)
    0x08000276   0x00000000   Code   RO         3897    .ARM.Collect$$libinit$$0000000E  c_w.l(libinit2.o)
    0x08000276   0x00000006   Code   RO         3898    .ARM.Collect$$libinit$$0000000F  c_w.l(libinit2.o)
    0x0800027c   0x00000000   Code   RO         3900    .ARM.Collect$$libinit$$00000011  c_w.l(libinit2.o)
    0x0800027c   0x0000000c   Code   RO         3901    .ARM.Collect$$libinit$$00000012  c_w.l(libinit2.o)
    0x08000288   0x00000000   Code   RO         3902    .ARM.Collect$$libinit$$00000013  c_w.l(libinit2.o)
    0x08000288   0x00000000   Code   RO         3904    .ARM.Collect$$libinit$$00000015  c_w.l(libinit2.o)
    0x08000288   0x0000000a   Code   RO         3905    .ARM.Collect$$libinit$$00000016  c_w.l(libinit2.o)
    0x08000292   0x00000000   Code   RO         3906    .ARM.Collect$$libinit$$00000017  c_w.l(libinit2.o)
    0x08000292   0x00000000   Code   RO         3908    .ARM.Collect$$libinit$$00000019  c_w.l(libinit2.o)
    0x08000292   0x00000000   Code   RO         3910    .ARM.Collect$$libinit$$0000001B  c_w.l(libinit2.o)
    0x08000292   0x00000000   Code   RO         3912    .ARM.Collect$$libinit$$0000001D  c_w.l(libinit2.o)
    0x08000292   0x00000000   Code   RO         3914    .ARM.Collect$$libinit$$0000001F  c_w.l(libinit2.o)
    0x08000292   0x00000000   Code   RO         3916    .ARM.Collect$$libinit$$00000021  c_w.l(libinit2.o)
    0x08000292   0x00000000   Code   RO         3918    .ARM.Collect$$libinit$$00000023  c_w.l(libinit2.o)
    0x08000292   0x00000000   Code   RO         3920    .ARM.Collect$$libinit$$00000025  c_w.l(libinit2.o)
    0x08000292   0x00000000   Code   RO         3924    .ARM.Collect$$libinit$$0000002C  c_w.l(libinit2.o)
    0x08000292   0x00000000   Code   RO         3926    .ARM.Collect$$libinit$$0000002E  c_w.l(libinit2.o)
    0x08000292   0x00000000   Code   RO         3928    .ARM.Collect$$libinit$$00000030  c_w.l(libinit2.o)
    0x08000292   0x00000000   Code   RO         3930    .ARM.Collect$$libinit$$00000032  c_w.l(libinit2.o)
    0x08000292   0x00000002   Code   RO         3931    .ARM.Collect$$libinit$$00000033  c_w.l(libinit2.o)
    0x08000294   0x00000002   Code   RO         3962    .ARM.Collect$$libshutdown$$00000000  c_w.l(libshutdown.o)
    0x08000296   0x00000000   Code   RO         3972    .ARM.Collect$$libshutdown$$00000003  c_w.l(libshutdown2.o)
    0x08000296   0x00000000   Code   RO         3975    .ARM.Collect$$libshutdown$$00000006  c_w.l(libshutdown2.o)
    0x08000296   0x00000000   Code   RO         3978    .ARM.Collect$$libshutdown$$00000009  c_w.l(libshutdown2.o)
    0x08000296   0x00000000   Code   RO         3980    .ARM.Collect$$libshutdown$$0000000B  c_w.l(libshutdown2.o)
    0x08000296   0x00000000   Code   RO         3983    .ARM.Collect$$libshutdown$$0000000E  c_w.l(libshutdown2.o)
    0x08000296   0x00000002   Code   RO         3984    .ARM.Collect$$libshutdown$$0000000F  c_w.l(libshutdown2.o)
    0x08000298   0x00000000   Code   RO         3748    .ARM.Collect$$rtentry$$00000000  c_w.l(__rtentry.o)
    0x08000298   0x00000000   Code   RO         3805    .ARM.Collect$$rtentry$$00000002  c_w.l(__rtentry2.o)
    0x08000298   0x00000006   Code   RO         3817    .ARM.Collect$$rtentry$$00000004  c_w.l(__rtentry4.o)
    0x0800029e   0x00000000   Code   RO         3807    .ARM.Collect$$rtentry$$00000009  c_w.l(__rtentry2.o)
    0x0800029e   0x00000004   Code   RO         3808    .ARM.Collect$$rtentry$$0000000A  c_w.l(__rtentry2.o)
    0x080002a2   0x00000000   Code   RO         3810    .ARM.Collect$$rtentry$$0000000C  c_w.l(__rtentry2.o)
    0x080002a2   0x00000008   Code   RO         3811    .ARM.Collect$$rtentry$$0000000D  c_w.l(__rtentry2.o)
    0x080002aa   0x00000002   Code   RO         3932    .ARM.Collect$$rtexit$$00000000  c_w.l(rtexit.o)
    0x080002ac   0x00000000   Code   RO         3942    .ARM.Collect$$rtexit$$00000002  c_w.l(rtexit2.o)
    0x080002ac   0x00000004   Code   RO         3943    .ARM.Collect$$rtexit$$00000003  c_w.l(rtexit2.o)
    0x080002b0   0x00000006   Code   RO         3944    .ARM.Collect$$rtexit$$00000004  c_w.l(rtexit2.o)
    0x080002b6   0x00000002   PAD
    0x080002b8   0x00000096   Code   RO         3374    .emb_text           port.o
    0x0800034e   0x00000002   PAD
    0x08000350   0x00000040   Code   RO         1345  * .text               startup_stm32f10x_hd.o
    0x08000390   0x00000002   Code   RO         3622    .text               c_w.l(use_no_semi_2.o)
    0x08000392   0x00000002   PAD
    0x08000394   0x00000024   Code   RO         3624    .text               c_w.l(c89vsprintf.o)
    0x080003b8   0x00000018   Code   RO         3626    .text               c_w.l(__2printf.o)
    0x080003d0   0x0000002c   Code   RO         3628    .text               c_w.l(__2sprintf.o)
    0x080003fc   0x00000052   Code   RO         3636    .text               c_w.l(_printf_str.o)
    0x0800044e   0x00000002   PAD
    0x08000450   0x00000078   Code   RO         3638    .text               c_w.l(_printf_dec.o)
    0x080004c8   0x00000094   Code   RO         3658    .text               c_w.l(_printf_hex_int_ll_ptr.o)
    0x0800055c   0x00000188   Code   RO         3678    .text               c_w.l(__printf_flags_ss_wp.o)
    0x080006e4   0x00000024   Code   RO         3688    .text               c_w.l(strstr.o)
    0x08000708   0x00000058   Code   RO         3690    .text               c_w.l(memcmp.o)
    0x08000760   0x0000003e   Code   RO         3694    .text               c_w.l(strlen.o)
    0x0800079e   0x0000008a   Code   RO         3696    .text               c_w.l(rt_memcpy_v6.o)
    0x08000828   0x00000064   Code   RO         3698    .text               c_w.l(rt_memcpy_w.o)
    0x0800088c   0x00000010   Code   RO         3700    .text               c_w.l(aeabi_memset.o)
    0x0800089c   0x00000044   Code   RO         3702    .text               c_w.l(rt_memclr.o)
    0x080008e0   0x0000004e   Code   RO         3704    .text               c_w.l(rt_memclr_w.o)
    0x0800092e   0x00000006   Code   RO         3706    .text               c_w.l(heapauxi.o)
    0x08000934   0x00000002   Code   RO         3746    .text               c_w.l(use_no_semi.o)
    0x08000936   0x0000004e   Code   RO         3749    .text               c_w.l(_printf_pad.o)
    0x08000984   0x00000024   Code   RO         3751    .text               c_w.l(_printf_truncate.o)
    0x080009a8   0x000000b2   Code   RO         3753    .text               c_w.l(_printf_intcommon.o)
    0x08000a5a   0x00000028   Code   RO         3755    .text               c_w.l(_printf_charcount.o)
    0x08000a82   0x0000041a   Code   RO         3757    .text               c_w.l(_printf_fp_dec.o)
    0x08000e9c   0x00000030   Code   RO         3759    .text               c_w.l(_printf_char_common.o)
    0x08000ecc   0x0000000a   Code   RO         3761    .text               c_w.l(_sputc.o)
    0x08000ed6   0x0000002c   Code   RO         3763    .text               c_w.l(_printf_char.o)
    0x08000f02   0x00000002   PAD
    0x08000f04   0x00000024   Code   RO         3765    .text               c_w.l(_printf_char_file.o)
    0x08000f28   0x000000bc   Code   RO         3767    .text               c_w.l(_printf_wctomb.o)
    0x08000fe4   0x0000007c   Code   RO         3770    .text               c_w.l(_printf_longlong_dec.o)
    0x08001060   0x00000070   Code   RO         3776    .text               c_w.l(_printf_oct_int_ll.o)
    0x080010d0   0x00000008   Code   RO         3822    .text               c_w.l(rt_locale_intlibspace.o)
    0x080010d8   0x0000008a   Code   RO         3824    .text               c_w.l(lludiv10.o)
    0x08001162   0x00000002   PAD
    0x08001164   0x00000080   Code   RO         3826    .text               c_w.l(_printf_fp_infnan.o)
    0x080011e4   0x0000002c   Code   RO         3830    .text               c_w.l(_printf_wchar.o)
    0x08001210   0x000000dc   Code   RO         3832    .text               c_w.l(bigflt0.o)
    0x080012ec   0x00000008   Code   RO         3857    .text               c_w.l(ferror.o)
    0x080012f4   0x00000040   Code   RO         3861    .text               c_w.l(_wcrtomb.o)
    0x08001334   0x00000008   Code   RO         3870    .text               c_w.l(libspace.o)
    0x0800133c   0x0000004a   Code   RO         3873    .text               c_w.l(sys_stackheap_outer.o)
    0x08001386   0x00000002   PAD
    0x08001388   0x00000010   Code   RO         3875    .text               c_w.l(rt_ctype_table.o)
    0x08001398   0x0000000c   Code   RO         3877    .text               c_w.l(exit.o)
    0x080013a4   0x00000080   Code   RO         3879    .text               c_w.l(strcmpv7m.o)
    0x08001424   0x0000003e   Code   RO         3835    CL$$btod_d2e        c_w.l(btod.o)
    0x08001462   0x00000046   Code   RO         3837    CL$$btod_d2e_denorm_low  c_w.l(btod.o)
    0x080014a8   0x00000060   Code   RO         3836    CL$$btod_d2e_norm_op1  c_w.l(btod.o)
    0x08001508   0x00000338   Code   RO         3845    CL$$btod_div_common  c_w.l(btod.o)
    0x08001840   0x000000c6   Code   RO         3842    CL$$btod_e2e        c_w.l(btod.o)
    0x08001906   0x00000028   Code   RO         3839    CL$$btod_ediv       c_w.l(btod.o)
    0x0800192e   0x00000028   Code   RO         3838    CL$$btod_emul       c_w.l(btod.o)
    0x08001956   0x00000244   Code   RO         3844    CL$$btod_mult_common  c_w.l(btod.o)
    0x08001b9a   0x00000016   Code   RO         1057    i.ADC_Cmd           stm32f10x_adc.o
    0x08001bb0   0x0000005c   Code   RO         1059    i.ADC_DeInit        stm32f10x_adc.o
    0x08001c0c   0x00000014   Code   RO         1065    i.ADC_GetCalibrationStatus  stm32f10x_adc.o
    0x08001c20   0x00000008   Code   RO         1066    i.ADC_GetConversionValue  stm32f10x_adc.o
    0x08001c28   0x00000012   Code   RO         1068    i.ADC_GetFlagStatus  stm32f10x_adc.o
    0x08001c3a   0x00000014   Code   RO         1071    i.ADC_GetResetCalibrationStatus  stm32f10x_adc.o
    0x08001c4e   0x00000002   PAD
    0x08001c50   0x00000050   Code   RO         1075    i.ADC_Init          stm32f10x_adc.o
    0x08001ca0   0x000000b8   Code   RO         1079    i.ADC_RegularChannelConfig  stm32f10x_adc.o
    0x08001d58   0x0000000a   Code   RO         1080    i.ADC_ResetCalibration  stm32f10x_adc.o
    0x08001d62   0x00000016   Code   RO         1082    i.ADC_SoftwareStartConvCmd  stm32f10x_adc.o
    0x08001d78   0x0000000a   Code   RO         1084    i.ADC_StartCalibration  stm32f10x_adc.o
    0x08001d82   0x00000002   PAD
    0x08001d84   0x0000008c   Code   RO          811    i.Adc_Init          adc.o
    0x08001e10   0x000001dc   Code   RO          568    i.AliIoT_Parameter_Init  mqtt.o
    0x08001fec   0x00000034   Code   RO         1273    i.BEEP_Init         beep.o
    0x08002020   0x00000068   Code   RO          739    i.BH1750_RecvACK    bh1750.o
    0x08002088   0x0000006c   Code   RO          740    i.BH1750_RecvByte   bh1750.o
    0x080020f4   0x0000005c   Code   RO          741    i.BH1750_SendACK    bh1750.o
    0x08002150   0x00000078   Code   RO          742    i.BH1750_SendByte   bh1750.o
    0x080021c8   0x0000004c   Code   RO          743    i.BH1750_Start      bh1750.o
    0x08002214   0x00000048   Code   RO          744    i.BH1750_Stop       bh1750.o
    0x0800225c   0x00000002   Code   RO            1    i.BusFault_Handler  stm32f10x_it.o
    0x0800225e   0x00000002   PAD
    0x08002260   0x0000006c   Code   RO          569    i.CMDBuf_Deal       mqtt.o
    0x080022cc   0x0000006c   Code   RO          649    i.DHT11_Check       dht11.o
    0x08002338   0x00000058   Code   RO          650    i.DHT11_Read_Bit    dht11.o
    0x08002390   0x0000001e   Code   RO          651    i.DHT11_Read_Byte   dht11.o
    0x080023ae   0x00000002   PAD
    0x080023b0   0x00000040   Code   RO          652    i.DHT11_Rst         dht11.o
    0x080023f0   0x00000002   Code   RO            2    i.DebugMon_Handler  stm32f10x_it.o
    0x080023f2   0x00000116   Code   RO         2319    i.GPIO_Init         stm32f10x_gpio.o
    0x08002508   0x00000090   Code   RO         2321    i.GPIO_PinRemapConfig  stm32f10x_gpio.o
    0x08002598   0x00000012   Code   RO         2323    i.GPIO_ReadInputDataBit  stm32f10x_gpio.o
    0x080025aa   0x00000004   Code   RO         2326    i.GPIO_ResetBits    stm32f10x_gpio.o
    0x080025ae   0x00000004   Code   RO         2327    i.GPIO_SetBits      stm32f10x_gpio.o
    0x080025b2   0x0000000a   Code   RO         2330    i.GPIO_WriteBit     stm32f10x_gpio.o
    0x080025bc   0x00000034   Code   RO          812    i.Get_Adc           adc.o
    0x080025f0   0x0000002e   Code   RO          813    i.Get_Adc_Average   adc.o
    0x0800261e   0x00000002   Code   RO            3    i.HardFault_Handler  stm32f10x_it.o
    0x08002620   0x00000034   Code   RO          225    i.INF_Init          main.o
    0x08002654   0x00000088   Code   RO          839    i.LCD_Clear         lcd.o
    0x080026dc   0x000001c0   Code   RO          843    i.LCD_Display_Dir   lcd.o
    0x0800289c   0x00000364   Code   RO          848    i.LCD_Fast_DrawPoint  lcd.o
    0x08002c00   0x00003bbc   Code   RO          850    i.LCD_Init          lcd.o
    0x080067bc   0x00000016   Code   RO          851    i.LCD_Pow           lcd.o
    0x080067d2   0x00000002   PAD
    0x080067d4   0x00000070   Code   RO          852    i.LCD_RD_DATA       lcd.o
    0x08006844   0x00000010   Code   RO          854    i.LCD_ReadReg       lcd.o
    0x08006854   0x000000d4   Code   RO          855    i.LCD_SSD_BackLightSet  lcd.o
    0x08006928   0x00000458   Code   RO          856    i.LCD_Scan_Dir      lcd.o
    0x08006d80   0x000003bc   Code   RO          857    i.LCD_SetCursor     lcd.o
    0x0800713c   0x00000128   Code   RO          859    i.LCD_ShowChar      lcd.o
    0x08007264   0x00000066   Code   RO          861    i.LCD_ShowString    lcd.o
    0x080072ca   0x000000be   Code   RO          862    i.LCD_ShowxNum      lcd.o
    0x08007388   0x00000024   Code   RO          863    i.LCD_WR_DATAX      lcd.o
    0x080073ac   0x00000024   Code   RO          864    i.LCD_WR_REG        lcd.o
    0x080073d0   0x00000010   Code   RO          866    i.LCD_WriteRAM_Prepare  lcd.o
    0x080073e0   0x00000030   Code   RO          867    i.LCD_WriteReg      lcd.o
    0x08007410   0x0000008c   Code   RO          570    i.MQTT_Buff_Init    mqtt.o
    0x0800749c   0x00000218   Code   RO          571    i.MQTT_ConectPack   mqtt.o
    0x080076b4   0x00000108   Code   RO          572    i.MQTT_DealPushdata_Qs0  mqtt.o
    0x080077bc   0x0000001c   Code   RO          573    i.MQTT_PingREQ      mqtt.o
    0x080077d8   0x000000ec   Code   RO          574    i.MQTT_PublishQs0   mqtt.o
    0x080078c4   0x00000002   Code   RO            4    i.MemManage_Handler  stm32f10x_it.o
    0x080078c6   0x00000002   PAD
    0x080078c8   0x0000003c   Code   RO          745    i.Multiple_Read_BH1750  bh1750.o
    0x08007904   0x00000002   Code   RO            5    i.NMI_Handler       stm32f10x_it.o
    0x08007906   0x00000002   PAD
    0x08007908   0x00000070   Code   RO         1349    i.NVIC_Init         misc.o
    0x08007978   0x00000014   Code   RO         1350    i.NVIC_PriorityGroupConfig  misc.o
    0x0800798c   0x00000018   Code   RO         1385    i.RCC_ADCCLKConfig  stm32f10x_rcc.o
    0x080079a4   0x00000020   Code   RO         1387    i.RCC_APB1PeriphClockCmd  stm32f10x_rcc.o
    0x080079c4   0x00000020   Code   RO         1388    i.RCC_APB1PeriphResetCmd  stm32f10x_rcc.o
    0x080079e4   0x00000020   Code   RO         1389    i.RCC_APB2PeriphClockCmd  stm32f10x_rcc.o
    0x08007a04   0x00000020   Code   RO         1390    i.RCC_APB2PeriphResetCmd  stm32f10x_rcc.o
    0x08007a24   0x000000d4   Code   RO         1397    i.RCC_GetClocksFreq  stm32f10x_rcc.o
    0x08007af8   0x00000008   Code   RO         1308    i.SetSysClock       system_stm32f10x.o
    0x08007b00   0x000000e0   Code   RO         1309    i.SetSysClockTo72   system_stm32f10x.o
    0x08007be0   0x00000022   Code   RO          746    i.Single_Write_BH1750  bh1750.o
    0x08007c02   0x00000028   Code   RO         1353    i.SysTick_CLKSourceConfig  misc.o
    0x08007c2a   0x00000010   Code   RO            6    i.SysTick_Handler   stm32f10x_it.o
    0x08007c3a   0x00000002   PAD
    0x08007c3c   0x00000060   Code   RO         1311    i.SystemInit        system_stm32f10x.o
    0x08007c9c   0x00000070   Code   RO          477    i.TIM3_ENABLE_2S    timer3.o
    0x08007d0c   0x00000070   Code   RO          478    i.TIM3_ENABLE_30S   timer3.o
    0x08007d7c   0x00000080   Code   RO            7    i.TIM3_IRQHandler   stm32f10x_it.o
    0x08007dfc   0x00000098   Code   RO            8    i.TIM4_IRQHandler   stm32f10x_it.o
    0x08007e94   0x00000006   Code   RO         1596    i.TIM_ClearITPendingBit  stm32f10x_tim.o
    0x08007e9a   0x00000018   Code   RO         1601    i.TIM_Cmd           stm32f10x_tim.o
    0x08007eb2   0x00000002   PAD
    0x08007eb4   0x000001e8   Code   RO         1606    i.TIM_DeInit        stm32f10x_tim.o
    0x0800809c   0x00000022   Code   RO         1622    i.TIM_GetITStatus   stm32f10x_tim.o
    0x080080be   0x00000012   Code   RO         1626    i.TIM_ITConfig      stm32f10x_tim.o
    0x080080d0   0x00000004   Code   RO         1666    i.TIM_SetCounter    stm32f10x_tim.o
    0x080080d4   0x000000a4   Code   RO         1672    i.TIM_TimeBaseInit  stm32f10x_tim.o
    0x08008178   0x00000064   Code   RO          576    i.TxDataBuf_Deal    mqtt.o
    0x080081dc   0x00000084   Code   RO            9    i.USART2_IRQHandler  stm32f10x_it.o
    0x08008260   0x00000012   Code   RO         2133    i.USART_ClearFlag   stm32f10x_usart.o
    0x08008272   0x00000018   Code   RO         2137    i.USART_Cmd         stm32f10x_usart.o
    0x0800828a   0x00000002   PAD
    0x0800828c   0x0000009c   Code   RO         2139    i.USART_DeInit      stm32f10x_usart.o
    0x08008328   0x00000054   Code   RO         2141    i.USART_GetITStatus  stm32f10x_usart.o
    0x0800837c   0x0000004a   Code   RO         2143    i.USART_ITConfig    stm32f10x_usart.o
    0x080083c6   0x00000002   PAD
    0x080083c8   0x000000d8   Code   RO         2144    i.USART_Init        stm32f10x_usart.o
    0x080084a0   0x00000002   Code   RO           10    i.UsageFault_Handler  stm32f10x_it.o
    0x080084a2   0x00000002   PAD
    0x080084a4   0x000002e4   Code   RO          510    i.WiFi_Connect_IoTServer  wifi.o
    0x08008788   0x00000154   Code   RO          511    i.WiFi_Connect_Server  wifi.o
    0x080088dc   0x000000a8   Code   RO          512    i.WiFi_JoinAP       wifi.o
    0x08008984   0x00000070   Code   RO          513    i.WiFi_Reset        wifi.o
    0x080089f4   0x00000074   Code   RO          514    i.WiFi_SendCmd      wifi.o
    0x08008a68   0x00000028   Code   RO         3868    i.__ARM_fpclassify  m_ws.l(fpclassify.o)
    0x08008a90   0x0000000e   Code   RO         3671    i._is_digit         c_w.l(__printf_wp.o)
    0x08008a9e   0x00000004   Code   RO          408    i._sys_exit         usart1.o
    0x08008aa2   0x00000002   PAD
    0x08008aa4   0x00000010   Code   RO         1274    i.beepOff           beep.o
    0x08008ab4   0x00000018   Code   RO         1275    i.beepOn            beep.o
    0x08008acc   0x00000114   Code   RO          226    i.data_tx_to_buffer_task  main.o
    0x08008be0   0x00000058   Code   RO          376    i.delay_init        delay.o
    0x08008c38   0x00000040   Code   RO          377    i.delay_ms          delay.o
    0x08008c78   0x00000048   Code   RO          378    i.delay_us          delay.o
    0x08008cc0   0x00000034   Code   RO          653    i.dht11_init        dht11.o
    0x08008cf4   0x0000005c   Code   RO          654    i.dht11_read_data   dht11.o
    0x08008d50   0x0000001c   Code   RO          409    i.fputc             usart1.o
    0x08008d6c   0x00000048   Code   RO          747    i.get_sunlight_value  bh1750.o
    0x08008db4   0x00000040   Code   RO          748    i.iic_by30_init     bh1750.o
    0x08008df4   0x00000010   Code   RO          703    i.led1_off          led.o
    0x08008e04   0x00000010   Code   RO          704    i.led1_on           led.o
    0x08008e14   0x00000014   Code   RO          705    i.led2_off          led.o
    0x08008e28   0x00000014   Code   RO          706    i.led2_on           led.o
    0x08008e3c   0x0000005c   Code   RO          707    i.led_init          led.o
    0x08008e98   0x00000084   Code   RO          228    i.main              main.o
    0x08008f1c   0x00000364   Code   RO          229    i.mqtt_buffer_rx_tx_task  main.o
    0x08009280   0x000000dc   Code   RO          230    i.my_dht11_task     main.o
    0x0800935c   0x000000e8   Code   RO          231    i.my_inf_task       main.o
    0x08009444   0x0000022c   Code   RO          232    i.my_lcd_task       main.o
    0x08009670   0x00000038   Code   RO          233    i.my_led2_task      main.o
    0x080096a8   0x000001ec   Code   RO          234    i.my_mq2_task       main.o
    0x08009894   0x0000019c   Code   RO          235    i.my_mqtt_buffer_cmd_task  main.o
    0x08009a30   0x00000208   Code   RO          236    i.my_start_task     main.o
    0x08009c38   0x000000c0   Code   RO          237    i.my_sun_task       main.o
    0x08009cf8   0x00000098   Code   RO         2835    i.prvAddCurrentTaskToDelayedList  tasks.o
    0x08009d90   0x000000b8   Code   RO         2836    i.prvAddNewTaskToReadyList  tasks.o
    0x08009e48   0x00000064   Code   RO         3195    i.prvCheckForValidListAndQueue  timers.o
    0x08009eac   0x00000064   Code   RO         2837    i.prvCheckTasksWaitingTermination  tasks.o
    0x08009f10   0x0000002a   Code   RO         2605    i.prvCopyDataFromQueue  queue.o
    0x08009f3a   0x0000007c   Code   RO         2606    i.prvCopyDataToQueue  queue.o
    0x08009fb6   0x00000012   Code   RO         2838    i.prvDeleteTCB      tasks.o
    0x08009fc8   0x00000028   Code   RO         3196    i.prvGetNextExpireTime  timers.o
    0x08009ff0   0x0000007c   Code   RO         3325    i.prvHeapInit       heap_4.o
    0x0800a06c   0x00000028   Code   RO         2839    i.prvIdleTask       tasks.o
    0x0800a094   0x0000002e   Code   RO         2608    i.prvInitialiseNewQueue  queue.o
    0x0800a0c2   0x00000002   PAD
    0x0800a0c4   0x000000d0   Code   RO         2840    i.prvInitialiseNewTask  tasks.o
    0x0800a194   0x00000068   Code   RO         2841    i.prvInitialiseTaskLists  tasks.o
    0x0800a1fc   0x00000068   Code   RO         3326    i.prvInsertBlockIntoFreeList  heap_4.o
    0x0800a264   0x00000058   Code   RO         3198    i.prvInsertTimerInActiveList  timers.o
    0x0800a2bc   0x0000001a   Code   RO         2609    i.prvIsQueueEmpty   queue.o
    0x0800a2d6   0x0000001e   Code   RO         2610    i.prvIsQueueFull    queue.o
    0x0800a2f4   0x000000a0   Code   RO         2611    i.prvNotifyQueueSetContainer  queue.o
    0x0800a394   0x00000080   Code   RO         3199    i.prvProcessExpiredTimer  timers.o
    0x0800a414   0x0000012c   Code   RO         3200    i.prvProcessReceivedCommands  timers.o
    0x0800a540   0x00000074   Code   RO         3201    i.prvProcessTimerOrBlockTask  timers.o
    0x0800a5b4   0x00000034   Code   RO         2843    i.prvResetNextTaskUnblockTime  tasks.o
    0x0800a5e8   0x0000002c   Code   RO         3202    i.prvSampleTimeNow  timers.o
    0x0800a614   0x000000bc   Code   RO         3203    i.prvSwitchTimerLists  timers.o
    0x0800a6d0   0x00000070   Code   RO         3375    i.prvTaskExitError  port.o
    0x0800a740   0x00000074   Code   RO         2845    i.prvTaskIsTaskSuspended  tasks.o
    0x0800a7b4   0x0000001e   Code   RO         2464    i.prvTestWaitCondition  event_groups.o
    0x0800a7d2   0x0000001a   Code   RO         3204    i.prvTimerTask      timers.o
    0x0800a7ec   0x00000092   Code   RO         2612    i.prvUnlockQueue    queue.o
    0x0800a87e   0x00000002   PAD
    0x0800a880   0x00000154   Code   RO         3327    i.pvPortMalloc      heap_4.o
    0x0800a9d4   0x00000020   Code   RO         2847    i.pvTaskIncrementMutexHeldCount  tasks.o
    0x0800a9f4   0x00000024   Code   RO         3376    i.pxPortInitialiseStack  port.o
    0x0800aa18   0x000000b0   Code   RO          691    i.send_data         control.o
    0x0800aac8   0x00000068   Code   RO          495    i.tim4_init         timer4.o
    0x0800ab30   0x00000040   Code   RO          439    i.u2_TxData         usart2.o
    0x0800ab70   0x0000005c   Code   RO          440    i.u2_printf         usart2.o
    0x0800abcc   0x00000080   Code   RO          410    i.usart1_init       usart1.o
    0x0800ac4c   0x000000b4   Code   RO          441    i.usart2_init       usart2.o
    0x0800ad00   0x00000018   Code   RO         3493    i.utils_hb2hex      utils_md5.o
    0x0800ad18   0x000000e8   Code   RO         3453    i.utils_hmac_sha1   utils_hmac.o
    0x0800ae00   0x000000e8   Code   RO         3561    i.utils_sha1_finish  utils_sha1.o
    0x0800aee8   0x0000000e   Code   RO         3563    i.utils_sha1_init   utils_sha1.o
    0x0800aef6   0x00000002   PAD
    0x0800aef8   0x0000191c   Code   RO         3564    i.utils_sha1_process  utils_sha1.o
    0x0800c814   0x0000002c   Code   RO         3565    i.utils_sha1_starts  utils_sha1.o
    0x0800c840   0x0000007c   Code   RO         3566    i.utils_sha1_update  utils_sha1.o
    0x0800c8bc   0x00000028   Code   RO         2568    i.uxListRemove      list.o
    0x0800c8e4   0x0000001c   Code   RO         2854    i.uxTaskResetEventItemValue  tasks.o
    0x0800c900   0x00000010   Code   RO         2466    i.vEventGroupClearBitsCallback  event_groups.o
    0x0800c910   0x0000001a   Code   RO         2569    i.vListInitialise   list.o
    0x0800c92a   0x00000006   Code   RO         2570    i.vListInitialiseItem  list.o
    0x0800c930   0x00000034   Code   RO         2571    i.vListInsert       list.o
    0x0800c964   0x00000018   Code   RO         2572    i.vListInsertEnd    list.o
    0x0800c97c   0x00000088   Code   RO         3378    i.vPortEnterCritical  port.o
    0x0800ca04   0x00000070   Code   RO         3379    i.vPortExitCritical  port.o
    0x0800ca74   0x000000b8   Code   RO         3328    i.vPortFree         heap_4.o
    0x0800cb2c   0x00000020   Code   RO         3380    i.vPortSetupTimerInterrupt  port.o
    0x0800cb4c   0x000000a0   Code   RO         3381    i.vPortValidateInterruptPriority  port.o
    0x0800cbec   0x0000002c   Code   RO         2618    i.vQueueAddToRegistry  queue.o
    0x0800cc18   0x0000004a   Code   RO         2622    i.vQueueWaitForMessageRestricted  queue.o
    0x0800cc62   0x00000002   PAD
    0x0800cc64   0x00000074   Code   RO         2855    i.vTaskDelay        tasks.o
    0x0800ccd8   0x0000010c   Code   RO         2857    i.vTaskDelete       tasks.o
    0x0800cde4   0x0000000c   Code   RO         2861    i.vTaskMissedYield  tasks.o
    0x0800cdf0   0x00000054   Code   RO         2863    i.vTaskPlaceOnEventList  tasks.o
    0x0800ce44   0x0000005c   Code   RO         2864    i.vTaskPlaceOnEventListRestricted  tasks.o
    0x0800cea0   0x0000007c   Code   RO         2865    i.vTaskPlaceOnUnorderedEventList  tasks.o
    0x0800cf1c   0x000000b0   Code   RO         2866    i.vTaskPriorityInherit  tasks.o
    0x0800cfcc   0x000000ac   Code   RO         2868    i.vTaskResume       tasks.o
    0x0800d078   0x0000004c   Code   RO         2870    i.vTaskSetTimeOutState  tasks.o
    0x0800d0c4   0x000000ac   Code   RO         2871    i.vTaskStartScheduler  tasks.o
    0x0800d170   0x00000100   Code   RO         2872    i.vTaskSuspend      tasks.o
    0x0800d270   0x00000010   Code   RO         2873    i.vTaskSuspendAll   tasks.o
    0x0800d280   0x000000a8   Code   RO         2874    i.vTaskSwitchContext  tasks.o
    0x0800d328   0x00000034   Code   RO          517    i.wifi_reset_io_init  wifi.o
    0x0800d35c   0x000000bc   Code   RO          238    i.wifi_task         main.o
    0x0800d418   0x00000074   Code   RO         2469    i.xEventGroupClearBits  event_groups.o
    0x0800d48c   0x0000001c   Code   RO         2470    i.xEventGroupClearBitsFromISR  event_groups.o
    0x0800d4a8   0x0000001a   Code   RO         2471    i.xEventGroupCreate  event_groups.o
    0x0800d4c2   0x0000002c   Code   RO         2472    i.xEventGroupGetBitsFromISR  event_groups.o
    0x0800d4ee   0x00000002   PAD
    0x0800d4f0   0x000000e8   Code   RO         2473    i.xEventGroupSetBits  event_groups.o
    0x0800d5d8   0x00000158   Code   RO         2476    i.xEventGroupWaitBits  event_groups.o
    0x0800d730   0x000000a0   Code   RO         3382    i.xPortStartScheduler  port.o
    0x0800d7d0   0x00000034   Code   RO         3383    i.xPortSysTickHandler  port.o
    0x0800d804   0x00000074   Code   RO         2627    i.xQueueGenericCreate  queue.o
    0x0800d878   0x000001c8   Code   RO         2628    i.xQueueGenericReceive  queue.o
    0x0800da40   0x000000b0   Code   RO         2629    i.xQueueGenericReset  queue.o
    0x0800daf0   0x000001c4   Code   RO         2630    i.xQueueGenericSend  queue.o
    0x0800dcb4   0x00000110   Code   RO         2631    i.xQueueGenericSendFromISR  queue.o
    0x0800ddc4   0x000000a0   Code   RO         2875    i.xTaskCheckForTimeOut  tasks.o
    0x0800de64   0x00000060   Code   RO         2876    i.xTaskCreate       tasks.o
    0x0800dec4   0x00000020   Code   RO         2880    i.xTaskGetSchedulerState  tasks.o
    0x0800dee4   0x0000000c   Code   RO         2881    i.xTaskGetTickCount  tasks.o
    0x0800def0   0x00000160   Code   RO         2883    i.xTaskIncrementTick  tasks.o
    0x0800e050   0x000000d8   Code   RO         2886    i.xTaskPriorityDisinherit  tasks.o
    0x0800e128   0x000000b4   Code   RO         2887    i.xTaskRemoveFromEventList  tasks.o
    0x0800e1dc   0x000000c0   Code   RO         2888    i.xTaskRemoveFromUnorderedEventList  tasks.o
    0x0800e29c   0x00000120   Code   RO         2889    i.xTaskResumeAll    tasks.o
    0x0800e3bc   0x000000cc   Code   RO         2890    i.xTaskResumeFromISR  tasks.o
    0x0800e488   0x00000074   Code   RO         3208    i.xTimerCreateTimerTask  timers.o
    0x0800e4fc   0x000000a4   Code   RO         3209    i.xTimerGenericCommand  timers.o
    0x0800e5a0   0x00000034   Code   RO         3215    i.xTimerPendFunctionCallFromISR  timers.o
    0x0800e5d4   0x0000002c   Code   RO         3864    locale$$code        c_w.l(lc_numeric_c.o)
    0x0800e600   0x0000002c   Code   RO         3935    locale$$code        c_w.l(lc_ctype_c.o)
    0x0800e62c   0x00000062   Code   RO         3710    x$fpl$d2f           fz_ws.l(d2f.o)
    0x0800e68e   0x00000002   PAD
    0x0800e690   0x0000005a   Code   RO         3712    x$fpl$dfixu         fz_ws.l(dfixu.o)
    0x0800e6ea   0x00000026   Code   RO         3716    x$fpl$dfltu         fz_ws.l(dflt_clz.o)
    0x0800e710   0x00000154   Code   RO         3722    x$fpl$dmul          fz_ws.l(dmul.o)
    0x0800e864   0x0000009c   Code   RO         3795    x$fpl$dnaninf       fz_ws.l(dnaninf.o)
    0x0800e900   0x0000000c   Code   RO         3797    x$fpl$dretinf       fz_ws.l(dretinf.o)
    0x0800e90c   0x00000056   Code   RO         3724    x$fpl$f2d           fz_ws.l(f2d.o)
    0x0800e962   0x00000002   PAD
    0x0800e964   0x000000c4   Code   RO         3726    x$fpl$fadd          fz_ws.l(faddsub_clz.o)
    0x0800ea28   0x0000003e   Code   RO         3732    x$fpl$ffixu         fz_ws.l(ffixu.o)
    0x0800ea66   0x00000002   PAD
    0x0800ea68   0x00000026   Code   RO         3736    x$fpl$ffltu         fz_ws.l(fflt_clz.o)
    0x0800ea8e   0x00000002   PAD
    0x0800ea90   0x00000102   Code   RO         3742    x$fpl$fmul          fz_ws.l(fmul.o)
    0x0800eb92   0x0000008c   Code   RO         3799    x$fpl$fnaninf       fz_ws.l(fnaninf.o)
    0x0800ec1e   0x0000000a   Code   RO         3801    x$fpl$fretinf       fz_ws.l(fretinf.o)
    0x0800ec28   0x00000014   Code   RO         3727    x$fpl$frsb          fz_ws.l(faddsub_clz.o)
    0x0800ec3c   0x000000ea   Code   RO         3728    x$fpl$fsub          fz_ws.l(faddsub_clz.o)
    0x0800ed26   0x00000004   Code   RO         3744    x$fpl$printf1       fz_ws.l(printf1.o)
    0x0800ed2a   0x00000000   Code   RO         3803    x$fpl$usenofp       fz_ws.l(usenofp.o)
    0x0800ed2a   0x00000002   PAD
    0x0800ed2c   0x00000010   Data   RO          239    .constdata          main.o
    0x0800ed3c   0x000017c0   Data   RO          870    .constdata          lcd.o
    0x080104fc   0x00000040   Data   RO         3568    .constdata          utils_sha1.o
    0x0801053c   0x00000028   Data   RO         3659    .constdata          c_w.l(_printf_hex_int_ll_ptr.o)
    0x08010564   0x00000011   Data   RO         3679    .constdata          c_w.l(__printf_flags_ss_wp.o)
    0x08010575   0x00000003   PAD
    0x08010578   0x00000008   Data   RO         3768    .constdata          c_w.l(_printf_wctomb.o)
    0x08010580   0x00000094   Data   RO         3833    .constdata          c_w.l(bigflt0.o)
    0x08010614   0x000001b0   Data   RO          240    .conststring        main.o
    0x080107c4   0x00000020   Data   RO         4009    Region$$Table       anon$$obj.o
    0x080107e4   0x0000001c   Data   RO         3863    locale$$data        c_w.l(lc_numeric_c.o)
    0x08010800   0x00000110   Data   RO         3934    locale$$data        c_w.l(lc_ctype_c.o)


    Execution Region ER_RW (Base: 0x20000000, Size: 0x00000148, Max: 0xffffffff, ABSOLUTE, COMPRESSED[0x00000034])

    Base Addr    Size         Type   Attr      Idx    E Section Name        Object

    0x20000000   0x00000058   Data   RW          241    .data               main.o
    0x20000058   0x00000004   Data   RW          380    .data               delay.o
    0x2000005c   0x00000004   Data   RW          411    .data               usart1.o
    0x20000060   0x00000004   Data   RW          443    .data               usart2.o
    0x20000064   0x00000041   Data   RW          578    .data               mqtt.o
    0x200000a5   0x00000003   Data   RW          749    .data               bh1750.o
    0x200000a8   0x00000004   Data   RW          871    .data               lcd.o
    0x200000ac   0x00000014   Data   RW         1312    .data               system_stm32f10x.o
    0x200000c0   0x00000014   Data   RW         1417    .data               stm32f10x_rcc.o
    0x200000d4   0x0000003c   Data   RW         2892    .data               tasks.o
    0x20000110   0x00000014   Data   RW         3217    .data               timers.o
    0x20000124   0x00000018   Data   RW         3333    .data               heap_4.o
    0x2000013c   0x0000000c   Data   RW         3384    .data               port.o


    Execution Region ER_ZI (Base: 0x20000148, Size: 0x00007680, Max: 0xffffffff, ABSOLUTE)

    Base Addr    Size         Type   Attr      Idx    E Section Name        Object

    0x20000148   0x00000800   Zero   RW          442    .bss                usart2.o
    0x20000948   0x000014c0   Zero   RW          577    .bss                mqtt.o
    0x20001e08   0x0000000e   Zero   RW          869    .bss                lcd.o
    0x20001e16   0x00000002   PAD
    0x20001e18   0x00000040   Zero   RW         2642    .bss                queue.o
    0x20001e58   0x000002e4   Zero   RW         2891    .bss                tasks.o
    0x2000213c   0x00000028   Zero   RW         3216    .bss                timers.o
    0x20002164   0x00005000   Zero   RW         3332    .bss                heap_4.o
    0x20007164   0x00000060   Zero   RW         3871    .bss                c_w.l(libspace.o)
    0x200071c4   0x00000004   PAD
    0x200071c8   0x00000200   Zero   RW         1343    HEAP                startup_stm32f10x_hd.o
    0x200073c8   0x00000400   Zero   RW         1342    STACK               startup_stm32f10x_hd.o


==============================================================================

Image component sizes


      Code (inc. data)   RO Data    RW Data    ZI Data      Debug   Object Name

       238         14          0          0          0       2071   adc.o
        92         14          0          0          0       1707   beep.o
       802         98          0          3          0       7275   bh1750.o
       176         78          0          0          0        808   control.o
         0          0          0          0          0         32   core_cm3.o
       224         26          0          4          0       2279   delay.o
       434         22          0          0          0       4128   dht11.o
       836        144          0          0          0      16743   event_groups.o
       752        176          0         24      20480       4479   heap_4.o
     19898        240       6080          4         14      27485   lcd.o
       164         28          0          0          0       2821   led.o
       148          0          0          0          0       3678   list.o
      4196       1604        448         88          0      16387   main.o
       172         22          0          0          0       2413   misc.o
      1888        474          0         65       5312       8101   mqtt.o
       950        320          0         12          0      11473   port.o
      2164        238          0          0         64      14305   queue.o
        64         26        304          0       1536        900   startup_stm32f10x_hd.o
       486         24          0          0          0       9662   stm32f10x_adc.o
       458          6          0          0          0       5662   stm32f10x_gpio.o
       440         76          0          0          0     282459   stm32f10x_it.o
       364         50          0         20          0       6859   stm32f10x_rcc.o
       738        106          0          0          0       5572   stm32f10x_tim.o
       572         28          0          0          0       6191   stm32f10x_usart.o
       328         28          0         20          0       2717   system_stm32f10x.o
      4498       1208          0         60        740      37178   tasks.o
       224          8          0          0          0       1371   timer3.o
       104          6          0          0          0        764   timer4.o
      1362        316          0         20         40      10599   timers.o
       160         14          0          4          0       3976   usart1.o
       336         24          0          4       2048       3733   usart2.o
       232          0          0          0          0       2926   utils_hmac.o
        24          0          0          0          0        615   utils_md5.o
      6842         40         64          0          0       6451   utils_sha1.o
      1528        804          0          0          0       4430   wifi.o

    ----------------------------------------------------------------------
     51932       6262       6928        328      30236     518250   Object Totals
         0          0         32          0          0          0   (incl. Generated)
        38          0          0          0          2          0   (incl. Padding)

    ----------------------------------------------------------------------

      Code (inc. data)   RO Data    RW Data    ZI Data      Debug   Library Member Name

        24          4          0          0          0         84   __2printf.o
        44          6          0          0          0         84   __2sprintf.o
        90          0          0          0          0          0   __dczerorl2.o
         8          0          0          0          0         68   __main.o
       392          4         17          0          0         92   __printf_flags_ss_wp.o
        14          0          0          0          0         68   __printf_wp.o
         0          0          0          0          0          0   __rtentry.o
        12          0          0          0          0          0   __rtentry2.o
         6          0          0          0          0          0   __rtentry4.o
        52          8          0          0          0          0   __scatter.o
        28          0          0          0          0          0   __scatter_zi.o
         6          0          0          0          0          0   _printf_a.o
         6          0          0          0          0          0   _printf_c.o
        44          0          0          0          0        108   _printf_char.o
        48          6          0          0          0         96   _printf_char_common.o
        36          4          0          0          0         80   _printf_char_file.o
        40          0          0          0          0         68   _printf_charcount.o
         6          0          0          0          0          0   _printf_d.o
       120         16          0          0          0         92   _printf_dec.o
         6          0          0          0          0          0   _printf_e.o
         6          0          0          0          0          0   _printf_f.o
      1050          0          0          0          0        216   _printf_fp_dec.o
       128         16          0          0          0         84   _printf_fp_infnan.o
         6          0          0          0          0          0   _printf_g.o
       148          4         40          0          0        160   _printf_hex_int_ll_ptr.o
         6          0          0          0          0          0   _printf_i.o
       178          0          0          0          0         88   _printf_intcommon.o
        10          0          0          0          0          0   _printf_l.o
         6          0          0          0          0          0   _printf_lc.o
        10          0          0          0          0          0   _printf_ll.o
         6          0          0          0          0          0   _printf_lld.o
         6          0          0          0          0          0   _printf_lli.o
         6          0          0          0          0          0   _printf_llo.o
         6          0          0          0          0          0   _printf_llu.o
         6          0          0          0          0          0   _printf_llx.o
       124         16          0          0          0         92   _printf_longlong_dec.o
         6          0          0          0          0          0   _printf_ls.o
         6          0          0          0          0          0   _printf_n.o
         6          0          0          0          0          0   _printf_o.o
       112          8          0          0          0        124   _printf_oct_int_ll.o
         6          0          0          0          0          0   _printf_p.o
        78          0          0          0          0        108   _printf_pad.o
         0          0          0          0          0          0   _printf_percent.o
         4          0          0          0          0          0   _printf_percent_end.o
         6          0          0          0          0          0   _printf_s.o
        82          0          0          0          0         80   _printf_str.o
        36          0          0          0          0         84   _printf_truncate.o
         6          0          0          0          0          0   _printf_u.o
        44          0          0          0          0        108   _printf_wchar.o
       188          6          8          0          0         92   _printf_wctomb.o
         6          0          0          0          0          0   _printf_x.o
        10          0          0          0          0         68   _sputc.o
        64          0          0          0          0         92   _wcrtomb.o
        16          0          0          0          0         68   aeabi_memset.o
       220          4        148          0          0         96   bigflt0.o
      1910        128          0          0          0        672   btod.o
        36          4          0          0          0         76   c89vsprintf.o
        12          0          0          0          0         72   exit.o
         8          0          0          0          0         68   ferror.o
         6          0          0          0          0        152   heapauxi.o
        44         10        272          0          0         76   lc_ctype_c.o
        44         10         28          0          0         76   lc_numeric_c.o
         2          0          0          0          0          0   libinit.o
        30          0          0          0          0          0   libinit2.o
         2          0          0          0          0          0   libshutdown.o
         2          0          0          0          0          0   libshutdown2.o
         8          4          0          0         96         68   libspace.o
       138          0          0          0          0         80   lludiv10.o
        88          0          0          0          0         76   memcmp.o
        16          4          0          0          0         76   rt_ctype_table.o
         8          4          0          0          0         68   rt_locale_intlibspace.o
        68          0          0          0          0         68   rt_memclr.o
        78          0          0          0          0         80   rt_memclr_w.o
       138          0          0          0          0         68   rt_memcpy_v6.o
       100          0          0          0          0         80   rt_memcpy_w.o
         2          0          0          0          0          0   rtexit.o
        10          0          0          0          0          0   rtexit2.o
       128          0          0          0          0         68   strcmpv7m.o
        62          0          0          0          0         76   strlen.o
        36          0          0          0          0         80   strstr.o
        74          0          0          0          0         80   sys_stackheap_outer.o
         2          0          0          0          0         68   use_no_semi.o
         2          0          0          0          0         68   use_no_semi_2.o
        98          4          0          0          0         92   d2f.o
        90          4          0          0          0         92   dfixu.o
        38          0          0          0          0         68   dflt_clz.o
       340         12          0          0          0        104   dmul.o
       156          4          0          0          0         92   dnaninf.o
        12          0          0          0          0         68   dretinf.o
        86          4          0          0          0         84   f2d.o
       450          8          0          0          0        236   faddsub_clz.o
        62          4          0          0          0         84   ffixu.o
        38          0          0          0          0         68   fflt_clz.o
       258          4          0          0          0         84   fmul.o
       140          4          0          0          0         84   fnaninf.o
        10          0          0          0          0         68   fretinf.o
         4          0          0          0          0         68   printf1.o
         0          0          0          0          0          0   usenofp.o
        40          0          0          0          0         68   fpclassify.o

    ----------------------------------------------------------------------
      8480        314        516          0        100       6056   Library Totals
        24          0          3          0          4          0   (incl. Padding)

    ----------------------------------------------------------------------

      Code (inc. data)   RO Data    RW Data    ZI Data      Debug   Library Name

      6634        266        513          0         96       4696   c_w.l
      1782         48          0          0          0       1292   fz_ws.l
        40          0          0          0          0         68   m_ws.l

    ----------------------------------------------------------------------
      8480        314        516          0        100       6056   Library Totals

    ----------------------------------------------------------------------

==============================================================================


      Code (inc. data)   RO Data    RW Data    ZI Data      Debug   

     60412       6576       7444        328      30336     509118   Grand Totals
     60412       6576       7444         52      30336     509118   ELF Image Totals (compressed)
     60412       6576       7444         52          0          0   ROM Totals

==============================================================================

    Total RO  Size (Code + RO Data)                67856 (  66.27kB)
    Total RW  Size (RW Data + ZI Data)             30664 (  29.95kB)
    Total ROM Size (Code + RO Data + RW Data)      67908 (  66.32kB)

==============================================================================

